---
source: src/seqvars/aggregate/ds.rs
expression: "&carrier_list2"
---
CarrierList {
    carriers: [
        Carrier {
            uuid: 00000000-0000-0000-0000-000000000000,
            index: 0,
        },
        Carrier {
            uuid: 00000000-0000-0000-0000-000000000001,
            index: 1,
        },
    ],
}
