---
source: src/seqvars/query/schema.rs
expression: "&seqvar"
---
chrom: MT
pos: 204
reference: T
alternative: C
ann_fields: []
gnomad_exomes_an: 0
gnomad_exomes_hom: 0
gnomad_exomes_het: 0
gnomad_exomes_hemi: 0
gnomad_genomes_an: 0
gnomad_genomes_hom: 0
gnomad_genomes_het: 0
gnomad_genomes_hemi: 0
helix_an: 0
helix_hom: 0
helix_het: 0
inhouse_an: 0
inhouse_hom: 0
inhouse_het: 0
inhouse_hemi: 0
call_info:
  Case_1_father-N1-DNA1-WGS1:
    genotype: /0/0
    quality: 99
    dp: 2180
    ad: 0
    phasing_id: ~
  Case_1_index-N1-DNA1-WGS1:
    genotype: /1/1
    quality: 99
    dp: 1424
    ad: 1424
    phasing_id: ~
  Case_1_mother-N1-DNA1-WGS1:
    genotype: /1/1
    quality: 99
    dp: 1304
    ad: 1304
    phasing_id: ~
