---
source: src/seqvars/query/schema.rs
expression: "&query"
---
consequences:
  - ChromosomeNumberVariation
  - ExonLossVariant
  - FrameshiftVariant
  - RareAminoAcidVariant
  - SpliceAcceptorVariant
  - SpliceDonorVariant
  - StartLost
  - StopGained
  - StopLost
  - TranscriptAblation
  - ThreePrimeUtrTruncation
  - FivePrimeUtrTruncaction
  - ConservativeInframeDeletion
  - ConservativeInframeInsertion
  - DisruptiveInframeDeletion
  - DisruptiveInframeInsertion
  - MissenseVariant
  - RegulatoryRegionAblation
  - SpliceRegionVariant
  - TbfsAblation
  - FivePrimeUtrPrematureStartCodonGainVariant
  - InitiatorCodonVariant
  - StartRetained
  - StopRetainedVariant
  - SynonymousVariant
  - ThreePrimeUtrVariant
  - FivePrimeUtrVariant
  - CodingSequenceVariant
  - ConservedIntergenicVariant
  - ConservedIntronVariant
  - DownstreamGeneVariant
  - ExonVariant
  - FeatureElongation
  - FeatureTruncation
  - GeneVariant
  - IntergenicVariant
  - IntronVariant
  - MatureMirnaVariant
  - Mirna
  - NmdTranscriptVariant
  - NonCodingTranscriptExonVariant
  - NonCodingTranscriptIntronVariant
  - RegulatoryRegionAmplification
  - RegulatoryRegionVariant
  - TfBindingSiteVariant
  - TfbsAmplification
  - TranscriptAmplification
  - TranscriptVariant
  - UpstreamGeneVariant
quality: {}
genotype: {}
selected_variants: ~
recessive_mode: ~
recessive_index: ~
transcripts_coding: true
transcripts_noncoding: true
var_type_snv: true
var_type_indel: true
var_type_mnv: true
max_exon_dist: ~
gene_allowlist: ~
genomic_regions: ~
require_in_clinvar: false
clinvar_include_benign: true
clinvar_include_pathogenic: true
clinvar_include_likely_benign: true
clinvar_include_likely_pathogenic: true
clinvar_include_uncertain_significance: true
gnomad_exomes_enabled: false
gnomad_genomes_enabled: false
inhouse_enabled: false
helixmtdb_enabled: false
gnomad_exomes_frequency: ~
gnomad_exomes_heterozygous: ~
gnomad_exomes_homozygous: ~
gnomad_exomes_hemizygous: ~
gnomad_genomes_frequency: ~
gnomad_genomes_heterozygous: ~
gnomad_genomes_homozygous: ~
gnomad_genomes_hemizygous: ~
inhouse_carriers: ~
inhouse_heterozygous: ~
inhouse_homozygous: ~
inhouse_hemizygous: ~
helixmtdb_frequency: ~
helixmtdb_heteroplasmic: ~
helixmtdb_homoplasmic: ~

