---
source: src/seqvars/query/mod.rs
expression: "std::fs::read_to_string(args.path_output.as_str())?"
---
sodar_uuid	release	chromosome	chromosome_no	reference	alternative	bin	start	end	smallvariantqueryresultset_id	payload
a2242722-6377-cc86-7d51-ad3f130af08a	GRCh37	17	17	G	A	899	41249263	41249263	.	{"case_uuid":"00000000-0000-0000-0000-000000000000","hgnc_id":"","hgnc_symbol":"","is_disease_gene":false,"hgvs_t":"","hgvs_p":null,"effect":[],"gnomad_loeuf":0.0,"gnomad_mis_z":0.0,"gnomad_oe_lof":0.0,"gnomad_oe_lof_lower":0.0,"gnomad_oe_lof_upper":0.0,"gnomad_oe_mis":0.0,"gnomad_oe_mis_lower":0.0,"gnomad_oe_mis_upper":0.0,"gnomad_pli":0.0,"gnomad_syn_z":0.0,"dbsnp_rs":null,"clinvar_rcv":null,"clinvar_significance":null,"clinvar_review_status":null,"precomputed_scores":{},"gnomad_exomes_frequency":0.0,"gnomad_exomes_heterozygous":0,"gnomad_exomes_homozygous":0,"gnomad_exomes_hemizygous":0,"gnomad_genomes_frequency":0.0,"gnomad_genomes_heterozygous":0,"gnomad_genomes_homozygous":0,"gnomad_genomes_hemizygous":0,"inhouse_carriers":0,"inhouse_heterozygous":0,"inhouse_homozygous":0,"inhouse_hemizygous":0,"helixmtdb_frequency":0.0,"helixmtdb_heterozygous":0,"helixmtdb_homozygous":0,"genotype":{}}
d13451de-7160-efa2-b230-76fd782de967	GRCh37	17	17	T	C	899	41252332	41252332	.	{"case_uuid":"00000000-0000-0000-0000-000000000000","hgnc_id":"","hgnc_symbol":"","is_disease_gene":false,"hgvs_t":"","hgvs_p":null,"effect":[],"gnomad_loeuf":0.0,"gnomad_mis_z":0.0,"gnomad_oe_lof":0.0,"gnomad_oe_lof_lower":0.0,"gnomad_oe_lof_upper":0.0,"gnomad_oe_mis":0.0,"gnomad_oe_mis_lower":0.0,"gnomad_oe_mis_upper":0.0,"gnomad_pli":0.0,"gnomad_syn_z":0.0,"dbsnp_rs":null,"clinvar_rcv":null,"clinvar_significance":null,"clinvar_review_status":null,"precomputed_scores":{},"gnomad_exomes_frequency":0.0,"gnomad_exomes_heterozygous":0,"gnomad_exomes_homozygous":0,"gnomad_exomes_hemizygous":0,"gnomad_genomes_frequency":0.0,"gnomad_genomes_heterozygous":0,"gnomad_genomes_homozygous":0,"gnomad_genomes_hemizygous":0,"inhouse_carriers":0,"inhouse_heterozygous":0,"inhouse_homozygous":0,"inhouse_hemizygous":0,"helixmtdb_frequency":0.0,"helixmtdb_heterozygous":0,"helixmtdb_homozygous":0,"genotype":{}}
ea9f11f8-dfb0-ca08-a881-0f9ea39c3a6a	GRCh37	17	17	ATATAAT	A	899	41252691	41252697	.	{"case_uuid":"00000000-0000-0000-0000-000000000000","hgnc_id":"","hgnc_symbol":"","is_disease_gene":false,"hgvs_t":"","hgvs_p":null,"effect":[],"gnomad_loeuf":0.0,"gnomad_mis_z":0.0,"gnomad_oe_lof":0.0,"gnomad_oe_lof_lower":0.0,"gnomad_oe_lof_upper":0.0,"gnomad_oe_mis":0.0,"gnomad_oe_mis_lower":0.0,"gnomad_oe_mis_upper":0.0,"gnomad_pli":0.0,"gnomad_syn_z":0.0,"dbsnp_rs":null,"clinvar_rcv":null,"clinvar_significance":null,"clinvar_review_status":null,"precomputed_scores":{},"gnomad_exomes_frequency":0.0,"gnomad_exomes_heterozygous":0,"gnomad_exomes_homozygous":0,"gnomad_exomes_hemizygous":0,"gnomad_genomes_frequency":0.0,"gnomad_genomes_heterozygous":0,"gnomad_genomes_homozygous":0,"gnomad_genomes_hemizygous":0,"inhouse_carriers":0,"inhouse_heterozygous":0,"inhouse_homozygous":0,"inhouse_hemizygous":0,"helixmtdb_frequency":0.0,"helixmtdb_heterozygous":0,"helixmtdb_homozygous":0,"genotype":{}}
fb780859-e8d8-c7bc-37b7-8e2f9b8d68d9	GRCh37	17	17	ATAAT	A	899	41252693	41252697	.	{"case_uuid":"00000000-0000-0000-0000-000000000000","hgnc_id":"","hgnc_symbol":"","is_disease_gene":false,"hgvs_t":"","hgvs_p":null,"effect":[],"gnomad_loeuf":0.0,"gnomad_mis_z":0.0,"gnomad_oe_lof":0.0,"gnomad_oe_lof_lower":0.0,"gnomad_oe_lof_upper":0.0,"gnomad_oe_mis":0.0,"gnomad_oe_mis_lower":0.0,"gnomad_oe_mis_upper":0.0,"gnomad_pli":0.0,"gnomad_syn_z":0.0,"dbsnp_rs":null,"clinvar_rcv":null,"clinvar_significance":null,"clinvar_review_status":null,"precomputed_scores":{},"gnomad_exomes_frequency":0.0,"gnomad_exomes_heterozygous":0,"gnomad_exomes_homozygous":0,"gnomad_exomes_hemizygous":0,"gnomad_genomes_frequency":0.0,"gnomad_genomes_heterozygous":0,"gnomad_genomes_homozygous":0,"gnomad_genomes_hemizygous":0,"inhouse_carriers":0,"inhouse_heterozygous":0,"inhouse_homozygous":0,"inhouse_hemizygous":0,"helixmtdb_frequency":0.0,"helixmtdb_heterozygous":0,"helixmtdb_homozygous":0,"genotype":{}}
5e831ca1-477e-9b21-1e3a-ba7a1f21d500	GRCh37	17	17	AAT	A	899	41252695	41252697	.	{"case_uuid":"00000000-0000-0000-0000-000000000000","hgnc_id":"","hgnc_symbol":"","is_disease_gene":false,"hgvs_t":"","hgvs_p":null,"effect":[],"gnomad_loeuf":0.0,"gnomad_mis_z":0.0,"gnomad_oe_lof":0.0,"gnomad_oe_lof_lower":0.0,"gnomad_oe_lof_upper":0.0,"gnomad_oe_mis":0.0,"gnomad_oe_mis_lower":0.0,"gnomad_oe_mis_upper":0.0,"gnomad_pli":0.0,"gnomad_syn_z":0.0,"dbsnp_rs":null,"clinvar_rcv":null,"clinvar_significance":null,"clinvar_review_status":null,"precomputed_scores":{},"gnomad_exomes_frequency":0.0,"gnomad_exomes_heterozygous":0,"gnomad_exomes_homozygous":0,"gnomad_exomes_hemizygous":0,"gnomad_genomes_frequency":0.0,"gnomad_genomes_heterozygous":0,"gnomad_genomes_homozygous":0,"gnomad_genomes_hemizygous":0,"inhouse_carriers":0,"inhouse_heterozygous":0,"inhouse_homozygous":0,"inhouse_hemizygous":0,"helixmtdb_frequency":0.0,"helixmtdb_heterozygous":0,"helixmtdb_homozygous":0,"genotype":{}}
37ae6bd2-3910-a1ee-09ac-4e992e019381	GRCh37	17	17	A	T	899	41252696	41252696	.	{"case_uuid":"00000000-0000-0000-0000-000000000000","hgnc_id":"","hgnc_symbol":"","is_disease_gene":false,"hgvs_t":"","hgvs_p":null,"effect":[],"gnomad_loeuf":0.0,"gnomad_mis_z":0.0,"gnomad_oe_lof":0.0,"gnomad_oe_lof_lower":0.0,"gnomad_oe_lof_upper":0.0,"gnomad_oe_mis":0.0,"gnomad_oe_mis_lower":0.0,"gnomad_oe_mis_upper":0.0,"gnomad_pli":0.0,"gnomad_syn_z":0.0,"dbsnp_rs":null,"clinvar_rcv":null,"clinvar_significance":null,"clinvar_review_status":null,"precomputed_scores":{},"gnomad_exomes_frequency":0.0,"gnomad_exomes_heterozygous":0,"gnomad_exomes_homozygous":0,"gnomad_exomes_hemizygous":0,"gnomad_genomes_frequency":0.0,"gnomad_genomes_heterozygous":0,"gnomad_genomes_homozygous":0,"gnomad_genomes_hemizygous":0,"inhouse_carriers":0,"inhouse_heterozygous":0,"inhouse_homozygous":0,"inhouse_hemizygous":0,"helixmtdb_frequency":0.0,"helixmtdb_heterozygous":0,"helixmtdb_homozygous":0,"genotype":{}}
52f6d2dd-4397-0164-da3f-c7b517b61024	GRCh37	17	17	A	AT	899	41252697	41252697	.	{"case_uuid":"00000000-0000-0000-0000-000000000000","hgnc_id":"","hgnc_symbol":"","is_disease_gene":false,"hgvs_t":"","hgvs_p":null,"effect":[],"gnomad_loeuf":0.0,"gnomad_mis_z":0.0,"gnomad_oe_lof":0.0,"gnomad_oe_lof_lower":0.0,"gnomad_oe_lof_upper":0.0,"gnomad_oe_mis":0.0,"gnomad_oe_mis_lower":0.0,"gnomad_oe_mis_upper":0.0,"gnomad_pli":0.0,"gnomad_syn_z":0.0,"dbsnp_rs":null,"clinvar_rcv":null,"clinvar_significance":null,"clinvar_review_status":null,"precomputed_scores":{},"gnomad_exomes_frequency":0.0,"gnomad_exomes_heterozygous":0,"gnomad_exomes_homozygous":0,"gnomad_exomes_hemizygous":0,"gnomad_genomes_frequency":0.0,"gnomad_genomes_heterozygous":0,"gnomad_genomes_homozygous":0,"gnomad_genomes_hemizygous":0,"inhouse_carriers":0,"inhouse_heterozygous":0,"inhouse_homozygous":0,"inhouse_hemizygous":0,"helixmtdb_frequency":0.0,"helixmtdb_heterozygous":0,"helixmtdb_homozygous":0,"genotype":{}}
fcad5acd-80e4-e585-9021-80d1eb16fd37	GRCh37	17	17	A	ATT	899	41252697	41252697	.	{"case_uuid":"00000000-0000-0000-0000-000000000000","hgnc_id":"","hgnc_symbol":"","is_disease_gene":false,"hgvs_t":"","hgvs_p":null,"effect":[],"gnomad_loeuf":0.0,"gnomad_mis_z":0.0,"gnomad_oe_lof":0.0,"gnomad_oe_lof_lower":0.0,"gnomad_oe_lof_upper":0.0,"gnomad_oe_mis":0.0,"gnomad_oe_mis_lower":0.0,"gnomad_oe_mis_upper":0.0,"gnomad_pli":0.0,"gnomad_syn_z":0.0,"dbsnp_rs":null,"clinvar_rcv":null,"clinvar_significance":null,"clinvar_review_status":null,"precomputed_scores":{},"gnomad_exomes_frequency":0.0,"gnomad_exomes_heterozygous":0,"gnomad_exomes_homozygous":0,"gnomad_exomes_hemizygous":0,"gnomad_genomes_frequency":0.0,"gnomad_genomes_heterozygous":0,"gnomad_genomes_homozygous":0,"gnomad_genomes_hemizygous":0,"inhouse_carriers":0,"inhouse_heterozygous":0,"inhouse_homozygous":0,"inhouse_hemizygous":0,"helixmtdb_frequency":0.0,"helixmtdb_heterozygous":0,"helixmtdb_homozygous":0,"genotype":{}}
ca2f07a3-7c4b-3903-f3d3-0e29217ced84	GRCh37	17	17	G	T	899	41254393	41254393	.	{"case_uuid":"00000000-0000-0000-0000-000000000000","hgnc_id":"","hgnc_symbol":"","is_disease_gene":false,"hgvs_t":"","hgvs_p":null,"effect":[],"gnomad_loeuf":0.0,"gnomad_mis_z":0.0,"gnomad_oe_lof":0.0,"gnomad_oe_lof_lower":0.0,"gnomad_oe_lof_upper":0.0,"gnomad_oe_mis":0.0,"gnomad_oe_mis_lower":0.0,"gnomad_oe_mis_upper":0.0,"gnomad_pli":0.0,"gnomad_syn_z":0.0,"dbsnp_rs":null,"clinvar_rcv":null,"clinvar_significance":null,"clinvar_review_status":null,"precomputed_scores":{},"gnomad_exomes_frequency":0.0,"gnomad_exomes_heterozygous":0,"gnomad_exomes_homozygous":0,"gnomad_exomes_hemizygous":0,"gnomad_genomes_frequency":0.0,"gnomad_genomes_heterozygous":0,"gnomad_genomes_homozygous":0,"gnomad_genomes_hemizygous":0,"inhouse_carriers":0,"inhouse_heterozygous":0,"inhouse_homozygous":0,"inhouse_hemizygous":0,"helixmtdb_frequency":0.0,"helixmtdb_heterozygous":0,"helixmtdb_homozygous":0,"genotype":{}}
e4565a76-7abc-de0c-1f55-83a9c9c77da5	GRCh37	17	17	C	CA	899	41273700	41273700	.	{"case_uuid":"00000000-0000-0000-0000-000000000000","hgnc_id":"","hgnc_symbol":"","is_disease_gene":false,"hgvs_t":"","hgvs_p":null,"effect":[],"gnomad_loeuf":0.0,"gnomad_mis_z":0.0,"gnomad_oe_lof":0.0,"gnomad_oe_lof_lower":0.0,"gnomad_oe_lof_upper":0.0,"gnomad_oe_mis":0.0,"gnomad_oe_mis_lower":0.0,"gnomad_oe_mis_upper":0.0,"gnomad_pli":0.0,"gnomad_syn_z":0.0,"dbsnp_rs":null,"clinvar_rcv":null,"clinvar_significance":null,"clinvar_review_status":null,"precomputed_scores":{},"gnomad_exomes_frequency":0.0,"gnomad_exomes_heterozygous":0,"gnomad_exomes_homozygous":0,"gnomad_exomes_hemizygous":0,"gnomad_genomes_frequency":0.0,"gnomad_genomes_heterozygous":0,"gnomad_genomes_homozygous":0,"gnomad_genomes_hemizygous":0,"inhouse_carriers":0,"inhouse_heterozygous":0,"inhouse_homozygous":0,"inhouse_hemizygous":0,"helixmtdb_frequency":0.0,"helixmtdb_heterozygous":0,"helixmtdb_homozygous":0,"genotype":{}}
bff5c542-d0b9-85d8-32a8-af76ab056b7f	GRCh37	MT	25	A	G	585	73	73	.	{"case_uuid":"00000000-0000-0000-0000-000000000000","hgnc_id":"","hgnc_symbol":"","is_disease_gene":false,"hgvs_t":"","hgvs_p":null,"effect":[],"gnomad_loeuf":0.0,"gnomad_mis_z":0.0,"gnomad_oe_lof":0.0,"gnomad_oe_lof_lower":0.0,"gnomad_oe_lof_upper":0.0,"gnomad_oe_mis":0.0,"gnomad_oe_mis_lower":0.0,"gnomad_oe_mis_upper":0.0,"gnomad_pli":0.0,"gnomad_syn_z":0.0,"dbsnp_rs":null,"clinvar_rcv":null,"clinvar_significance":null,"clinvar_review_status":null,"precomputed_scores":{},"gnomad_exomes_frequency":0.0,"gnomad_exomes_heterozygous":0,"gnomad_exomes_homozygous":0,"gnomad_exomes_hemizygous":0,"gnomad_genomes_frequency":0.0,"gnomad_genomes_heterozygous":0,"gnomad_genomes_homozygous":0,"gnomad_genomes_hemizygous":0,"inhouse_carriers":0,"inhouse_heterozygous":0,"inhouse_homozygous":0,"inhouse_hemizygous":0,"helixmtdb_frequency":0.0,"helixmtdb_heterozygous":0,"helixmtdb_homozygous":0,"genotype":{}}
c34f9afa-1bc0-8781-253f-0a6a3f83f90e	GRCh37	MT	25	T	C	585	119	119	.	{"case_uuid":"00000000-0000-0000-0000-000000000000","hgnc_id":"","hgnc_symbol":"","is_disease_gene":false,"hgvs_t":"","hgvs_p":null,"effect":[],"gnomad_loeuf":0.0,"gnomad_mis_z":0.0,"gnomad_oe_lof":0.0,"gnomad_oe_lof_lower":0.0,"gnomad_oe_lof_upper":0.0,"gnomad_oe_mis":0.0,"gnomad_oe_mis_lower":0.0,"gnomad_oe_mis_upper":0.0,"gnomad_pli":0.0,"gnomad_syn_z":0.0,"dbsnp_rs":null,"clinvar_rcv":null,"clinvar_significance":null,"clinvar_review_status":null,"precomputed_scores":{},"gnomad_exomes_frequency":0.0,"gnomad_exomes_heterozygous":0,"gnomad_exomes_homozygous":0,"gnomad_exomes_hemizygous":0,"gnomad_genomes_frequency":0.0,"gnomad_genomes_heterozygous":0,"gnomad_genomes_homozygous":0,"gnomad_genomes_hemizygous":0,"inhouse_carriers":0,"inhouse_heterozygous":0,"inhouse_homozygous":0,"inhouse_hemizygous":0,"helixmtdb_frequency":0.0,"helixmtdb_heterozygous":0,"helixmtdb_homozygous":0,"genotype":{}}
50cbce17-63d8-db59-5238-4e4d1f429372	GRCh37	MT	25	A	G	585	189	189	.	{"case_uuid":"00000000-0000-0000-0000-000000000000","hgnc_id":"","hgnc_symbol":"","is_disease_gene":false,"hgvs_t":"","hgvs_p":null,"effect":[],"gnomad_loeuf":0.0,"gnomad_mis_z":0.0,"gnomad_oe_lof":0.0,"gnomad_oe_lof_lower":0.0,"gnomad_oe_lof_upper":0.0,"gnomad_oe_mis":0.0,"gnomad_oe_mis_lower":0.0,"gnomad_oe_mis_upper":0.0,"gnomad_pli":0.0,"gnomad_syn_z":0.0,"dbsnp_rs":null,"clinvar_rcv":null,"clinvar_significance":null,"clinvar_review_status":null,"precomputed_scores":{},"gnomad_exomes_frequency":0.0,"gnomad_exomes_heterozygous":0,"gnomad_exomes_homozygous":0,"gnomad_exomes_hemizygous":0,"gnomad_genomes_frequency":0.0,"gnomad_genomes_heterozygous":0,"gnomad_genomes_homozygous":0,"gnomad_genomes_hemizygous":0,"inhouse_carriers":0,"inhouse_heterozygous":0,"inhouse_homozygous":0,"inhouse_hemizygous":0,"helixmtdb_frequency":0.0,"helixmtdb_heterozygous":0,"helixmtdb_homozygous":0,"genotype":{}}
d590cf23-b4ce-5ccb-c44f-249531de1a34	GRCh37	MT	25	T	C	585	195	195	.	{"case_uuid":"00000000-0000-0000-0000-000000000000","hgnc_id":"","hgnc_symbol":"","is_disease_gene":false,"hgvs_t":"","hgvs_p":null,"effect":[],"gnomad_loeuf":0.0,"gnomad_mis_z":0.0,"gnomad_oe_lof":0.0,"gnomad_oe_lof_lower":0.0,"gnomad_oe_lof_upper":0.0,"gnomad_oe_mis":0.0,"gnomad_oe_mis_lower":0.0,"gnomad_oe_mis_upper":0.0,"gnomad_pli":0.0,"gnomad_syn_z":0.0,"dbsnp_rs":null,"clinvar_rcv":null,"clinvar_significance":null,"clinvar_review_status":null,"precomputed_scores":{},"gnomad_exomes_frequency":0.0,"gnomad_exomes_heterozygous":0,"gnomad_exomes_homozygous":0,"gnomad_exomes_hemizygous":0,"gnomad_genomes_frequency":0.0,"gnomad_genomes_heterozygous":0,"gnomad_genomes_homozygous":0,"gnomad_genomes_hemizygous":0,"inhouse_carriers":0,"inhouse_heterozygous":0,"inhouse_homozygous":0,"inhouse_hemizygous":0,"helixmtdb_frequency":0.0,"helixmtdb_heterozygous":0,"helixmtdb_homozygous":0,"genotype":{}}
f233ea84-cdaf-d666-d3ab-072afee793a7	GRCh37	MT	25	T	C	585	204	204	.	{"case_uuid":"00000000-0000-0000-0000-000000000000","hgnc_id":"","hgnc_symbol":"","is_disease_gene":false,"hgvs_t":"","hgvs_p":null,"effect":[],"gnomad_loeuf":0.0,"gnomad_mis_z":0.0,"gnomad_oe_lof":0.0,"gnomad_oe_lof_lower":0.0,"gnomad_oe_lof_upper":0.0,"gnomad_oe_mis":0.0,"gnomad_oe_mis_lower":0.0,"gnomad_oe_mis_upper":0.0,"gnomad_pli":0.0,"gnomad_syn_z":0.0,"dbsnp_rs":null,"clinvar_rcv":null,"clinvar_significance":null,"clinvar_review_status":null,"precomputed_scores":{},"gnomad_exomes_frequency":0.0,"gnomad_exomes_heterozygous":0,"gnomad_exomes_homozygous":0,"gnomad_exomes_hemizygous":0,"gnomad_genomes_frequency":0.0,"gnomad_genomes_heterozygous":0,"gnomad_genomes_homozygous":0,"gnomad_genomes_hemizygous":0,"inhouse_carriers":0,"inhouse_heterozygous":0,"inhouse_homozygous":0,"inhouse_hemizygous":0,"helixmtdb_frequency":0.0,"helixmtdb_heterozygous":0,"helixmtdb_homozygous":0,"genotype":{}}
e1468add-b464-8a6c-ec2e-103200bd73e3	GRCh37	MT	25	G	A	585	207	207	.	{"case_uuid":"00000000-0000-0000-0000-000000000000","hgnc_id":"","hgnc_symbol":"","is_disease_gene":false,"hgvs_t":"","hgvs_p":null,"effect":[],"gnomad_loeuf":0.0,"gnomad_mis_z":0.0,"gnomad_oe_lof":0.0,"gnomad_oe_lof_lower":0.0,"gnomad_oe_lof_upper":0.0,"gnomad_oe_mis":0.0,"gnomad_oe_mis_lower":0.0,"gnomad_oe_mis_upper":0.0,"gnomad_pli":0.0,"gnomad_syn_z":0.0,"dbsnp_rs":null,"clinvar_rcv":null,"clinvar_significance":null,"clinvar_review_status":null,"precomputed_scores":{},"gnomad_exomes_frequency":0.0,"gnomad_exomes_heterozygous":0,"gnomad_exomes_homozygous":0,"gnomad_exomes_hemizygous":0,"gnomad_genomes_frequency":0.0,"gnomad_genomes_heterozygous":0,"gnomad_genomes_homozygous":0,"gnomad_genomes_hemizygous":0,"inhouse_carriers":0,"inhouse_heterozygous":0,"inhouse_homozygous":0,"inhouse_hemizygous":0,"helixmtdb_frequency":0.0,"helixmtdb_heterozygous":0,"helixmtdb_homozygous":0,"genotype":{}}
a9b766ee-b019-06ec-0f0e-106c69a98ade	GRCh37	MT	25	A	G	585	263	263	.	{"case_uuid":"00000000-0000-0000-0000-000000000000","hgnc_id":"","hgnc_symbol":"","is_disease_gene":false,"hgvs_t":"","hgvs_p":null,"effect":[],"gnomad_loeuf":0.0,"gnomad_mis_z":0.0,"gnomad_oe_lof":0.0,"gnomad_oe_lof_lower":0.0,"gnomad_oe_lof_upper":0.0,"gnomad_oe_mis":0.0,"gnomad_oe_mis_lower":0.0,"gnomad_oe_mis_upper":0.0,"gnomad_pli":0.0,"gnomad_syn_z":0.0,"dbsnp_rs":null,"clinvar_rcv":null,"clinvar_significance":null,"clinvar_review_status":null,"precomputed_scores":{},"gnomad_exomes_frequency":0.0,"gnomad_exomes_heterozygous":0,"gnomad_exomes_homozygous":0,"gnomad_exomes_hemizygous":0,"gnomad_genomes_frequency":0.0,"gnomad_genomes_heterozygous":0,"gnomad_genomes_homozygous":0,"gnomad_genomes_hemizygous":0,"inhouse_carriers":0,"inhouse_heterozygous":0,"inhouse_homozygous":0,"inhouse_hemizygous":0,"helixmtdb_frequency":0.0,"helixmtdb_heterozygous":0,"helixmtdb_homozygous":0,"genotype":{}}
d35b46a5-b0c1-1da6-33a1-08cfe7868438	GRCh37	MT	25	A	ACC	585	302	302	.	{"case_uuid":"00000000-0000-0000-0000-000000000000","hgnc_id":"","hgnc_symbol":"","is_disease_gene":false,"hgvs_t":"","hgvs_p":null,"effect":[],"gnomad_loeuf":0.0,"gnomad_mis_z":0.0,"gnomad_oe_lof":0.0,"gnomad_oe_lof_lower":0.0,"gnomad_oe_lof_upper":0.0,"gnomad_oe_mis":0.0,"gnomad_oe_mis_lower":0.0,"gnomad_oe_mis_upper":0.0,"gnomad_pli":0.0,"gnomad_syn_z":0.0,"dbsnp_rs":null,"clinvar_rcv":null,"clinvar_significance":null,"clinvar_review_status":null,"precomputed_scores":{},"gnomad_exomes_frequency":0.0,"gnomad_exomes_heterozygous":0,"gnomad_exomes_homozygous":0,"gnomad_exomes_hemizygous":0,"gnomad_genomes_frequency":0.0,"gnomad_genomes_heterozygous":0,"gnomad_genomes_homozygous":0,"gnomad_genomes_hemizygous":0,"inhouse_carriers":0,"inhouse_heterozygous":0,"inhouse_homozygous":0,"inhouse_hemizygous":0,"helixmtdb_frequency":0.0,"helixmtdb_heterozygous":0,"helixmtdb_homozygous":0,"genotype":{}}
b61cab5a-4a7b-b893-cf85-7860f20ade63	GRCh37	MT	25	T	TC	585	310	310	.	{"case_uuid":"00000000-0000-0000-0000-000000000000","hgnc_id":"","hgnc_symbol":"","is_disease_gene":false,"hgvs_t":"","hgvs_p":null,"effect":[],"gnomad_loeuf":0.0,"gnomad_mis_z":0.0,"gnomad_oe_lof":0.0,"gnomad_oe_lof_lower":0.0,"gnomad_oe_lof_upper":0.0,"gnomad_oe_mis":0.0,"gnomad_oe_mis_lower":0.0,"gnomad_oe_mis_upper":0.0,"gnomad_pli":0.0,"gnomad_syn_z":0.0,"dbsnp_rs":null,"clinvar_rcv":null,"clinvar_significance":null,"clinvar_review_status":null,"precomputed_scores":{},"gnomad_exomes_frequency":0.0,"gnomad_exomes_heterozygous":0,"gnomad_exomes_homozygous":0,"gnomad_exomes_hemizygous":0,"gnomad_genomes_frequency":0.0,"gnomad_genomes_heterozygous":0,"gnomad_genomes_homozygous":0,"gnomad_genomes_hemizygous":0,"inhouse_carriers":0,"inhouse_heterozygous":0,"inhouse_homozygous":0,"inhouse_hemizygous":0,"helixmtdb_frequency":0.0,"helixmtdb_heterozygous":0,"helixmtdb_homozygous":0,"genotype":{}}
672c7b99-2b64-1511-5470-d318fb93a26d	GRCh37	MT	25	T	C	585	477	477	.	{"case_uuid":"00000000-0000-0000-0000-000000000000","hgnc_id":"","hgnc_symbol":"","is_disease_gene":false,"hgvs_t":"","hgvs_p":null,"effect":[],"gnomad_loeuf":0.0,"gnomad_mis_z":0.0,"gnomad_oe_lof":0.0,"gnomad_oe_lof_lower":0.0,"gnomad_oe_lof_upper":0.0,"gnomad_oe_mis":0.0,"gnomad_oe_mis_lower":0.0,"gnomad_oe_mis_upper":0.0,"gnomad_pli":0.0,"gnomad_syn_z":0.0,"dbsnp_rs":null,"clinvar_rcv":null,"clinvar_significance":null,"clinvar_review_status":null,"precomputed_scores":{},"gnomad_exomes_frequency":0.0,"gnomad_exomes_heterozygous":0,"gnomad_exomes_homozygous":0,"gnomad_exomes_hemizygous":0,"gnomad_genomes_frequency":0.0,"gnomad_genomes_heterozygous":0,"gnomad_genomes_homozygous":0,"gnomad_genomes_hemizygous":0,"inhouse_carriers":0,"inhouse_heterozygous":0,"inhouse_homozygous":0,"inhouse_hemizygous":0,"helixmtdb_frequency":0.0,"helixmtdb_heterozygous":0,"helixmtdb_homozygous":0,"genotype":{}}
b7551f09-c362-95fc-1348-41cb61597e9b	GRCh37	MT	25	G	A	585	709	709	.	{"case_uuid":"00000000-0000-0000-0000-000000000000","hgnc_id":"","hgnc_symbol":"","is_disease_gene":false,"hgvs_t":"","hgvs_p":null,"effect":[],"gnomad_loeuf":0.0,"gnomad_mis_z":0.0,"gnomad_oe_lof":0.0,"gnomad_oe_lof_lower":0.0,"gnomad_oe_lof_upper":0.0,"gnomad_oe_mis":0.0,"gnomad_oe_mis_lower":0.0,"gnomad_oe_mis_upper":0.0,"gnomad_pli":0.0,"gnomad_syn_z":0.0,"dbsnp_rs":null,"clinvar_rcv":null,"clinvar_significance":null,"clinvar_review_status":null,"precomputed_scores":{},"gnomad_exomes_frequency":0.0,"gnomad_exomes_heterozygous":0,"gnomad_exomes_homozygous":0,"gnomad_exomes_hemizygous":0,"gnomad_genomes_frequency":0.0,"gnomad_genomes_heterozygous":0,"gnomad_genomes_homozygous":0,"gnomad_genomes_hemizygous":0,"inhouse_carriers":0,"inhouse_heterozygous":0,"inhouse_homozygous":0,"inhouse_hemizygous":0,"helixmtdb_frequency":0.0,"helixmtdb_heterozygous":0,"helixmtdb_homozygous":0,"genotype":{}}
9539a2e2-4216-df73-5160-553fe24a3a07	GRCh37	MT	25	A	G	585	750	750	.	{"case_uuid":"00000000-0000-0000-0000-000000000000","hgnc_id":"","hgnc_symbol":"","is_disease_gene":false,"hgvs_t":"","hgvs_p":null,"effect":[],"gnomad_loeuf":0.0,"gnomad_mis_z":0.0,"gnomad_oe_lof":0.0,"gnomad_oe_lof_lower":0.0,"gnomad_oe_lof_upper":0.0,"gnomad_oe_mis":0.0,"gnomad_oe_mis_lower":0.0,"gnomad_oe_mis_upper":0.0,"gnomad_pli":0.0,"gnomad_syn_z":0.0,"dbsnp_rs":null,"clinvar_rcv":null,"clinvar_significance":null,"clinvar_review_status":null,"precomputed_scores":{},"gnomad_exomes_frequency":0.0,"gnomad_exomes_heterozygous":0,"gnomad_exomes_homozygous":0,"gnomad_exomes_hemizygous":0,"gnomad_genomes_frequency":0.0,"gnomad_genomes_heterozygous":0,"gnomad_genomes_homozygous":0,"gnomad_genomes_hemizygous":0,"inhouse_carriers":0,"inhouse_heterozygous":0,"inhouse_homozygous":0,"inhouse_hemizygous":0,"helixmtdb_frequency":0.0,"helixmtdb_heterozygous":0,"helixmtdb_homozygous":0,"genotype":{}}
352238e0-397b-7927-5da4-b243ea387362	GRCh37	MT	25	T	C	585	879	879	.	{"case_uuid":"00000000-0000-0000-0000-000000000000","hgnc_id":"","hgnc_symbol":"","is_disease_gene":false,"hgvs_t":"","hgvs_p":null,"effect":[],"gnomad_loeuf":0.0,"gnomad_mis_z":0.0,"gnomad_oe_lof":0.0,"gnomad_oe_lof_lower":0.0,"gnomad_oe_lof_upper":0.0,"gnomad_oe_mis":0.0,"gnomad_oe_mis_lower":0.0,"gnomad_oe_mis_upper":0.0,"gnomad_pli":0.0,"gnomad_syn_z":0.0,"dbsnp_rs":null,"clinvar_rcv":null,"clinvar_significance":null,"clinvar_review_status":null,"precomputed_scores":{},"gnomad_exomes_frequency":0.0,"gnomad_exomes_heterozygous":0,"gnomad_exomes_homozygous":0,"gnomad_exomes_hemizygous":0,"gnomad_genomes_frequency":0.0,"gnomad_genomes_heterozygous":0,"gnomad_genomes_homozygous":0,"gnomad_genomes_hemizygous":0,"inhouse_carriers":0,"inhouse_heterozygous":0,"inhouse_homozygous":0,"inhouse_hemizygous":0,"helixmtdb_frequency":0.0,"helixmtdb_heterozygous":0,"helixmtdb_homozygous":0,"genotype":{}}
8bba3301-d637-cd7d-dc93-d9cfac05fcf7	GRCh37	MT	25	T	C	585	1243	1243	.	{"case_uuid":"00000000-0000-0000-0000-000000000000","hgnc_id":"","hgnc_symbol":"","is_disease_gene":false,"hgvs_t":"","hgvs_p":null,"effect":[],"gnomad_loeuf":0.0,"gnomad_mis_z":0.0,"gnomad_oe_lof":0.0,"gnomad_oe_lof_lower":0.0,"gnomad_oe_lof_upper":0.0,"gnomad_oe_mis":0.0,"gnomad_oe_mis_lower":0.0,"gnomad_oe_mis_upper":0.0,"gnomad_pli":0.0,"gnomad_syn_z":0.0,"dbsnp_rs":null,"clinvar_rcv":null,"clinvar_significance":null,"clinvar_review_status":null,"precomputed_scores":{},"gnomad_exomes_frequency":0.0,"gnomad_exomes_heterozygous":0,"gnomad_exomes_homozygous":0,"gnomad_exomes_hemizygous":0,"gnomad_genomes_frequency":0.0,"gnomad_genomes_heterozygous":0,"gnomad_genomes_homozygous":0,"gnomad_genomes_hemizygous":0,"inhouse_carriers":0,"inhouse_heterozygous":0,"inhouse_homozygous":0,"inhouse_hemizygous":0,"helixmtdb_frequency":0.0,"helixmtdb_heterozygous":0,"helixmtdb_homozygous":0,"genotype":{}}
2657f47f-a888-eed9-a4e5-def11783b88b	GRCh37	MT	25	A	G	585	1438	1438	.	{"case_uuid":"00000000-0000-0000-0000-000000000000","hgnc_id":"","hgnc_symbol":"","is_disease_gene":false,"hgvs_t":"","hgvs_p":null,"effect":[],"gnomad_loeuf":0.0,"gnomad_mis_z":0.0,"gnomad_oe_lof":0.0,"gnomad_oe_lof_lower":0.0,"gnomad_oe_lof_upper":0.0,"gnomad_oe_mis":0.0,"gnomad_oe_mis_lower":0.0,"gnomad_oe_mis_upper":0.0,"gnomad_pli":0.0,"gnomad_syn_z":0.0,"dbsnp_rs":null,"clinvar_rcv":null,"clinvar_significance":null,"clinvar_review_status":null,"precomputed_scores":{},"gnomad_exomes_frequency":0.0,"gnomad_exomes_heterozygous":0,"gnomad_exomes_homozygous":0,"gnomad_exomes_hemizygous":0,"gnomad_genomes_frequency":0.0,"gnomad_genomes_heterozygous":0,"gnomad_genomes_homozygous":0,"gnomad_genomes_hemizygous":0,"inhouse_carriers":0,"inhouse_heterozygous":0,"inhouse_homozygous":0,"inhouse_hemizygous":0,"helixmtdb_frequency":0.0,"helixmtdb_heterozygous":0,"helixmtdb_homozygous":0,"genotype":{}}
b57db1f3-5386-d3c4-b1d4-4bc98d6b94cf	GRCh37	MT	25	T	C	585	1824	1824	.	{"case_uuid":"00000000-0000-0000-0000-000000000000","hgnc_id":"","hgnc_symbol":"","is_disease_gene":false,"hgvs_t":"","hgvs_p":null,"effect":[],"gnomad_loeuf":0.0,"gnomad_mis_z":0.0,"gnomad_oe_lof":0.0,"gnomad_oe_lof_lower":0.0,"gnomad_oe_lof_upper":0.0,"gnomad_oe_mis":0.0,"gnomad_oe_mis_lower":0.0,"gnomad_oe_mis_upper":0.0,"gnomad_pli":0.0,"gnomad_syn_z":0.0,"dbsnp_rs":null,"clinvar_rcv":null,"clinvar_significance":null,"clinvar_review_status":null,"precomputed_scores":{},"gnomad_exomes_frequency":0.0,"gnomad_exomes_heterozygous":0,"gnomad_exomes_homozygous":0,"gnomad_exomes_hemizygous":0,"gnomad_genomes_frequency":0.0,"gnomad_genomes_heterozygous":0,"gnomad_genomes_homozygous":0,"gnomad_genomes_hemizygous":0,"inhouse_carriers":0,"inhouse_heterozygous":0,"inhouse_homozygous":0,"inhouse_hemizygous":0,"helixmtdb_frequency":0.0,"helixmtdb_heterozygous":0,"helixmtdb_homozygous":0,"genotype":{}}
13719fff-02ec-2d93-7c5a-23d92355203c	GRCh37	MT	25	A	G	585	2633	2633	.	{"case_uuid":"00000000-0000-0000-0000-000000000000","hgnc_id":"","hgnc_symbol":"","is_disease_gene":false,"hgvs_t":"","hgvs_p":null,"effect":[],"gnomad_loeuf":0.0,"gnomad_mis_z":0.0,"gnomad_oe_lof":0.0,"gnomad_oe_lof_lower":0.0,"gnomad_oe_lof_upper":0.0,"gnomad_oe_mis":0.0,"gnomad_oe_mis_lower":0.0,"gnomad_oe_mis_upper":0.0,"gnomad_pli":0.0,"gnomad_syn_z":0.0,"dbsnp_rs":null,"clinvar_rcv":null,"clinvar_significance":null,"clinvar_review_status":null,"precomputed_scores":{},"gnomad_exomes_frequency":0.0,"gnomad_exomes_heterozygous":0,"gnomad_exomes_homozygous":0,"gnomad_exomes_hemizygous":0,"gnomad_genomes_frequency":0.0,"gnomad_genomes_heterozygous":0,"gnomad_genomes_homozygous":0,"gnomad_genomes_hemizygous":0,"inhouse_carriers":0,"inhouse_heterozygous":0,"inhouse_homozygous":0,"inhouse_hemizygous":0,"helixmtdb_frequency":0.0,"helixmtdb_heterozygous":0,"helixmtdb_homozygous":0,"genotype":{}}
e89e59fc-018a-1862-6cda-3cfb34f5cd64	GRCh37	MT	25	A	G	585	2706	2706	.	{"case_uuid":"00000000-0000-0000-0000-000000000000","hgnc_id":"","hgnc_symbol":"","is_disease_gene":false,"hgvs_t":"","hgvs_p":null,"effect":[],"gnomad_loeuf":0.0,"gnomad_mis_z":0.0,"gnomad_oe_lof":0.0,"gnomad_oe_lof_lower":0.0,"gnomad_oe_lof_upper":0.0,"gnomad_oe_mis":0.0,"gnomad_oe_mis_lower":0.0,"gnomad_oe_mis_upper":0.0,"gnomad_pli":0.0,"gnomad_syn_z":0.0,"dbsnp_rs":null,"clinvar_rcv":null,"clinvar_significance":null,"clinvar_review_status":null,"precomputed_scores":{},"gnomad_exomes_frequency":0.0,"gnomad_exomes_heterozygous":0,"gnomad_exomes_homozygous":0,"gnomad_exomes_hemizygous":0,"gnomad_genomes_frequency":0.0,"gnomad_genomes_heterozygous":0,"gnomad_genomes_homozygous":0,"gnomad_genomes_hemizygous":0,"inhouse_carriers":0,"inhouse_heterozygous":0,"inhouse_homozygous":0,"inhouse_hemizygous":0,"helixmtdb_frequency":0.0,"helixmtdb_heterozygous":0,"helixmtdb_homozygous":0,"genotype":{}}
66d742e2-b8dd-a13a-1e95-26f4709be73e	GRCh37	MT	25	G	A	585	3010	3010	.	{"case_uuid":"00000000-0000-0000-0000-000000000000","hgnc_id":"","hgnc_symbol":"","is_disease_gene":false,"hgvs_t":"","hgvs_p":null,"effect":[],"gnomad_loeuf":0.0,"gnomad_mis_z":0.0,"gnomad_oe_lof":0.0,"gnomad_oe_lof_lower":0.0,"gnomad_oe_lof_upper":0.0,"gnomad_oe_mis":0.0,"gnomad_oe_mis_lower":0.0,"gnomad_oe_mis_upper":0.0,"gnomad_pli":0.0,"gnomad_syn_z":0.0,"dbsnp_rs":null,"clinvar_rcv":null,"clinvar_significance":null,"clinvar_review_status":null,"precomputed_scores":{},"gnomad_exomes_frequency":0.0,"gnomad_exomes_heterozygous":0,"gnomad_exomes_homozygous":0,"gnomad_exomes_hemizygous":0,"gnomad_genomes_frequency":0.0,"gnomad_genomes_heterozygous":0,"gnomad_genomes_homozygous":0,"gnomad_genomes_hemizygous":0,"inhouse_carriers":0,"inhouse_heterozygous":0,"inhouse_homozygous":0,"inhouse_hemizygous":0,"helixmtdb_frequency":0.0,"helixmtdb_heterozygous":0,"helixmtdb_homozygous":0,"genotype":{}}
83d85be2-22de-6ba2-543c-f84c369e5d7a	GRCh37	MT	25	A	G	585	3505	3505	.	{"case_uuid":"00000000-0000-0000-0000-000000000000","hgnc_id":"","hgnc_symbol":"","is_disease_gene":false,"hgvs_t":"","hgvs_p":null,"effect":[],"gnomad_loeuf":0.0,"gnomad_mis_z":0.0,"gnomad_oe_lof":0.0,"gnomad_oe_lof_lower":0.0,"gnomad_oe_lof_upper":0.0,"gnomad_oe_mis":0.0,"gnomad_oe_mis_lower":0.0,"gnomad_oe_mis_upper":0.0,"gnomad_pli":0.0,"gnomad_syn_z":0.0,"dbsnp_rs":null,"clinvar_rcv":null,"clinvar_significance":null,"clinvar_review_status":null,"precomputed_scores":{},"gnomad_exomes_frequency":0.0,"gnomad_exomes_heterozygous":0,"gnomad_exomes_homozygous":0,"gnomad_exomes_hemizygous":0,"gnomad_genomes_frequency":0.0,"gnomad_genomes_heterozygous":0,"gnomad_genomes_homozygous":0,"gnomad_genomes_hemizygous":0,"inhouse_carriers":0,"inhouse_heterozygous":0,"inhouse_homozygous":0,"inhouse_hemizygous":0,"helixmtdb_frequency":0.0,"helixmtdb_heterozygous":0,"helixmtdb_homozygous":0,"genotype":{}}
b5afecec-51df-8ef7-434a-baf3c1002a2b	GRCh37	MT	25	T	C	585	3784	3784	.	{"case_uuid":"00000000-0000-0000-0000-000000000000","hgnc_id":"","hgnc_symbol":"","is_disease_gene":false,"hgvs_t":"","hgvs_p":null,"effect":[],"gnomad_loeuf":0.0,"gnomad_mis_z":0.0,"gnomad_oe_lof":0.0,"gnomad_oe_lof_lower":0.0,"gnomad_oe_lof_upper":0.0,"gnomad_oe_mis":0.0,"gnomad_oe_mis_lower":0.0,"gnomad_oe_mis_upper":0.0,"gnomad_pli":0.0,"gnomad_syn_z":0.0,"dbsnp_rs":null,"clinvar_rcv":null,"clinvar_significance":null,"clinvar_review_status":null,"precomputed_scores":{},"gnomad_exomes_frequency":0.0,"gnomad_exomes_heterozygous":0,"gnomad_exomes_homozygous":0,"gnomad_exomes_hemizygous":0,"gnomad_genomes_frequency":0.0,"gnomad_genomes_heterozygous":0,"gnomad_genomes_homozygous":0,"gnomad_genomes_hemizygous":0,"inhouse_carriers":0,"inhouse_heterozygous":0,"inhouse_homozygous":0,"inhouse_hemizygous":0,"helixmtdb_frequency":0.0,"helixmtdb_heterozygous":0,"helixmtdb_homozygous":0,"genotype":{}}
27f013be-f37b-1677-c0cc-9826cbbac588	GRCh37	MT	25	A	G	585	4769	4769	.	{"case_uuid":"00000000-0000-0000-0000-000000000000","hgnc_id":"","hgnc_symbol":"","is_disease_gene":false,"hgvs_t":"","hgvs_p":null,"effect":[],"gnomad_loeuf":0.0,"gnomad_mis_z":0.0,"gnomad_oe_lof":0.0,"gnomad_oe_lof_lower":0.0,"gnomad_oe_lof_upper":0.0,"gnomad_oe_mis":0.0,"gnomad_oe_mis_lower":0.0,"gnomad_oe_mis_upper":0.0,"gnomad_pli":0.0,"gnomad_syn_z":0.0,"dbsnp_rs":null,"clinvar_rcv":null,"clinvar_significance":null,"clinvar_review_status":null,"precomputed_scores":{},"gnomad_exomes_frequency":0.0,"gnomad_exomes_heterozygous":0,"gnomad_exomes_homozygous":0,"gnomad_exomes_hemizygous":0,"gnomad_genomes_frequency":0.0,"gnomad_genomes_heterozygous":0,"gnomad_genomes_homozygous":0,"gnomad_genomes_hemizygous":0,"inhouse_carriers":0,"inhouse_heterozygous":0,"inhouse_homozygous":0,"inhouse_hemizygous":0,"helixmtdb_frequency":0.0,"helixmtdb_heterozygous":0,"helixmtdb_homozygous":0,"genotype":{}}
af4093a0-380b-601c-19b8-798dc8262554	GRCh37	MT	25	G	A	585	5046	5046	.	{"case_uuid":"00000000-0000-0000-0000-000000000000","hgnc_id":"","hgnc_symbol":"","is_disease_gene":false,"hgvs_t":"","hgvs_p":null,"effect":[],"gnomad_loeuf":0.0,"gnomad_mis_z":0.0,"gnomad_oe_lof":0.0,"gnomad_oe_lof_lower":0.0,"gnomad_oe_lof_upper":0.0,"gnomad_oe_mis":0.0,"gnomad_oe_mis_lower":0.0,"gnomad_oe_mis_upper":0.0,"gnomad_pli":0.0,"gnomad_syn_z":0.0,"dbsnp_rs":null,"clinvar_rcv":null,"clinvar_significance":null,"clinvar_review_status":null,"precomputed_scores":{},"gnomad_exomes_frequency":0.0,"gnomad_exomes_heterozygous":0,"gnomad_exomes_homozygous":0,"gnomad_exomes_hemizygous":0,"gnomad_genomes_frequency":0.0,"gnomad_genomes_heterozygous":0,"gnomad_genomes_homozygous":0,"gnomad_genomes_hemizygous":0,"inhouse_carriers":0,"inhouse_heterozygous":0,"inhouse_homozygous":0,"inhouse_hemizygous":0,"helixmtdb_frequency":0.0,"helixmtdb_heterozygous":0,"helixmtdb_homozygous":0,"genotype":{}}
2d6308c3-e277-a03e-e07e-c94b25a57f91	GRCh37	MT	25	G	A	585	5460	5460	.	{"case_uuid":"00000000-0000-0000-0000-000000000000","hgnc_id":"","hgnc_symbol":"","is_disease_gene":false,"hgvs_t":"","hgvs_p":null,"effect":[],"gnomad_loeuf":0.0,"gnomad_mis_z":0.0,"gnomad_oe_lof":0.0,"gnomad_oe_lof_lower":0.0,"gnomad_oe_lof_upper":0.0,"gnomad_oe_mis":0.0,"gnomad_oe_mis_lower":0.0,"gnomad_oe_mis_upper":0.0,"gnomad_pli":0.0,"gnomad_syn_z":0.0,"dbsnp_rs":null,"clinvar_rcv":null,"clinvar_significance":null,"clinvar_review_status":null,"precomputed_scores":{},"gnomad_exomes_frequency":0.0,"gnomad_exomes_heterozygous":0,"gnomad_exomes_homozygous":0,"gnomad_exomes_hemizygous":0,"gnomad_genomes_frequency":0.0,"gnomad_genomes_heterozygous":0,"gnomad_genomes_homozygous":0,"gnomad_genomes_hemizygous":0,"inhouse_carriers":0,"inhouse_heterozygous":0,"inhouse_homozygous":0,"inhouse_hemizygous":0,"helixmtdb_frequency":0.0,"helixmtdb_heterozygous":0,"helixmtdb_homozygous":0,"genotype":{}}
7c3c60db-0ce6-f1ae-c25b-03481716310f	GRCh37	MT	25	C	T	585	7028	7028	.	{"case_uuid":"00000000-0000-0000-0000-000000000000","hgnc_id":"","hgnc_symbol":"","is_disease_gene":false,"hgvs_t":"","hgvs_p":null,"effect":[],"gnomad_loeuf":0.0,"gnomad_mis_z":0.0,"gnomad_oe_lof":0.0,"gnomad_oe_lof_lower":0.0,"gnomad_oe_lof_upper":0.0,"gnomad_oe_mis":0.0,"gnomad_oe_mis_lower":0.0,"gnomad_oe_mis_upper":0.0,"gnomad_pli":0.0,"gnomad_syn_z":0.0,"dbsnp_rs":null,"clinvar_rcv":null,"clinvar_significance":null,"clinvar_review_status":null,"precomputed_scores":{},"gnomad_exomes_frequency":0.0,"gnomad_exomes_heterozygous":0,"gnomad_exomes_homozygous":0,"gnomad_exomes_hemizygous":0,"gnomad_genomes_frequency":0.0,"gnomad_genomes_heterozygous":0,"gnomad_genomes_homozygous":0,"gnomad_genomes_hemizygous":0,"inhouse_carriers":0,"inhouse_heterozygous":0,"inhouse_homozygous":0,"inhouse_hemizygous":0,"helixmtdb_frequency":0.0,"helixmtdb_heterozygous":0,"helixmtdb_homozygous":0,"genotype":{}}
7df9e3b7-fc9b-5d7a-e655-d2f443f9fc9c	GRCh37	MT	25	C	T	585	7864	7864	.	{"case_uuid":"00000000-0000-0000-0000-000000000000","hgnc_id":"","hgnc_symbol":"","is_disease_gene":false,"hgvs_t":"","hgvs_p":null,"effect":[],"gnomad_loeuf":0.0,"gnomad_mis_z":0.0,"gnomad_oe_lof":0.0,"gnomad_oe_lof_lower":0.0,"gnomad_oe_lof_upper":0.0,"gnomad_oe_mis":0.0,"gnomad_oe_mis_lower":0.0,"gnomad_oe_mis_upper":0.0,"gnomad_pli":0.0,"gnomad_syn_z":0.0,"dbsnp_rs":null,"clinvar_rcv":null,"clinvar_significance":null,"clinvar_review_status":null,"precomputed_scores":{},"gnomad_exomes_frequency":0.0,"gnomad_exomes_heterozygous":0,"gnomad_exomes_homozygous":0,"gnomad_exomes_hemizygous":0,"gnomad_genomes_frequency":0.0,"gnomad_genomes_heterozygous":0,"gnomad_genomes_homozygous":0,"gnomad_genomes_hemizygous":0,"inhouse_carriers":0,"inhouse_heterozygous":0,"inhouse_homozygous":0,"inhouse_hemizygous":0,"helixmtdb_frequency":0.0,"helixmtdb_heterozygous":0,"helixmtdb_homozygous":0,"genotype":{}}
2eaa2ac8-fa96-c1de-4202-ad41ca485e91	GRCh37	MT	25	A	G	585	8170	8170	.	{"case_uuid":"00000000-0000-0000-0000-000000000000","hgnc_id":"","hgnc_symbol":"","is_disease_gene":false,"hgvs_t":"","hgvs_p":null,"effect":[],"gnomad_loeuf":0.0,"gnomad_mis_z":0.0,"gnomad_oe_lof":0.0,"gnomad_oe_lof_lower":0.0,"gnomad_oe_lof_upper":0.0,"gnomad_oe_mis":0.0,"gnomad_oe_mis_lower":0.0,"gnomad_oe_mis_upper":0.0,"gnomad_pli":0.0,"gnomad_syn_z":0.0,"dbsnp_rs":null,"clinvar_rcv":null,"clinvar_significance":null,"clinvar_review_status":null,"precomputed_scores":{},"gnomad_exomes_frequency":0.0,"gnomad_exomes_heterozygous":0,"gnomad_exomes_homozygous":0,"gnomad_exomes_hemizygous":0,"gnomad_genomes_frequency":0.0,"gnomad_genomes_heterozygous":0,"gnomad_genomes_homozygous":0,"gnomad_genomes_hemizygous":0,"inhouse_carriers":0,"inhouse_heterozygous":0,"inhouse_homozygous":0,"inhouse_hemizygous":0,"helixmtdb_frequency":0.0,"helixmtdb_heterozygous":0,"helixmtdb_homozygous":0,"genotype":{}}
6c6a5834-04a6-5e7c-c01b-22bbb77f9272	GRCh37	MT	25	G	A	585	8251	8251	.	{"case_uuid":"00000000-0000-0000-0000-000000000000","hgnc_id":"","hgnc_symbol":"","is_disease_gene":false,"hgvs_t":"","hgvs_p":null,"effect":[],"gnomad_loeuf":0.0,"gnomad_mis_z":0.0,"gnomad_oe_lof":0.0,"gnomad_oe_lof_lower":0.0,"gnomad_oe_lof_upper":0.0,"gnomad_oe_mis":0.0,"gnomad_oe_mis_lower":0.0,"gnomad_oe_mis_upper":0.0,"gnomad_pli":0.0,"gnomad_syn_z":0.0,"dbsnp_rs":null,"clinvar_rcv":null,"clinvar_significance":null,"clinvar_review_status":null,"precomputed_scores":{},"gnomad_exomes_frequency":0.0,"gnomad_exomes_heterozygous":0,"gnomad_exomes_homozygous":0,"gnomad_exomes_hemizygous":0,"gnomad_genomes_frequency":0.0,"gnomad_genomes_heterozygous":0,"gnomad_genomes_homozygous":0,"gnomad_genomes_hemizygous":0,"inhouse_carriers":0,"inhouse_heterozygous":0,"inhouse_homozygous":0,"inhouse_hemizygous":0,"helixmtdb_frequency":0.0,"helixmtdb_heterozygous":0,"helixmtdb_homozygous":0,"genotype":{}}
7452d51c-dbde-0fee-b38a-98ccc5bb690a	GRCh37	MT	25	A	G	585	8860	8860	.	{"case_uuid":"00000000-0000-0000-0000-000000000000","hgnc_id":"","hgnc_symbol":"","is_disease_gene":false,"hgvs_t":"","hgvs_p":null,"effect":[],"gnomad_loeuf":0.0,"gnomad_mis_z":0.0,"gnomad_oe_lof":0.0,"gnomad_oe_lof_lower":0.0,"gnomad_oe_lof_upper":0.0,"gnomad_oe_mis":0.0,"gnomad_oe_mis_lower":0.0,"gnomad_oe_mis_upper":0.0,"gnomad_pli":0.0,"gnomad_syn_z":0.0,"dbsnp_rs":null,"clinvar_rcv":null,"clinvar_significance":null,"clinvar_review_status":null,"precomputed_scores":{},"gnomad_exomes_frequency":0.0,"gnomad_exomes_heterozygous":0,"gnomad_exomes_homozygous":0,"gnomad_exomes_hemizygous":0,"gnomad_genomes_frequency":0.0,"gnomad_genomes_heterozygous":0,"gnomad_genomes_homozygous":0,"gnomad_genomes_hemizygous":0,"inhouse_carriers":0,"inhouse_heterozygous":0,"inhouse_homozygous":0,"inhouse_hemizygous":0,"helixmtdb_frequency":0.0,"helixmtdb_heterozygous":0,"helixmtdb_homozygous":0,"genotype":{}}
ca05f641-2547-d07c-73fb-51d4cd04b8c1	GRCh37	MT	25	G	A	585	8994	8994	.	{"case_uuid":"00000000-0000-0000-0000-000000000000","hgnc_id":"","hgnc_symbol":"","is_disease_gene":false,"hgvs_t":"","hgvs_p":null,"effect":[],"gnomad_loeuf":0.0,"gnomad_mis_z":0.0,"gnomad_oe_lof":0.0,"gnomad_oe_lof_lower":0.0,"gnomad_oe_lof_upper":0.0,"gnomad_oe_mis":0.0,"gnomad_oe_mis_lower":0.0,"gnomad_oe_mis_upper":0.0,"gnomad_pli":0.0,"gnomad_syn_z":0.0,"dbsnp_rs":null,"clinvar_rcv":null,"clinvar_significance":null,"clinvar_review_status":null,"precomputed_scores":{},"gnomad_exomes_frequency":0.0,"gnomad_exomes_heterozygous":0,"gnomad_exomes_homozygous":0,"gnomad_exomes_hemizygous":0,"gnomad_genomes_frequency":0.0,"gnomad_genomes_heterozygous":0,"gnomad_genomes_homozygous":0,"gnomad_genomes_hemizygous":0,"inhouse_carriers":0,"inhouse_heterozygous":0,"inhouse_homozygous":0,"inhouse_hemizygous":0,"helixmtdb_frequency":0.0,"helixmtdb_heterozygous":0,"helixmtdb_homozygous":0,"genotype":{}}
8903a48e-34bf-f751-434e-737ae1fbb057	GRCh37	MT	25	A	G	585	9007	9007	.	{"case_uuid":"00000000-0000-0000-0000-000000000000","hgnc_id":"","hgnc_symbol":"","is_disease_gene":false,"hgvs_t":"","hgvs_p":null,"effect":[],"gnomad_loeuf":0.0,"gnomad_mis_z":0.0,"gnomad_oe_lof":0.0,"gnomad_oe_lof_lower":0.0,"gnomad_oe_lof_upper":0.0,"gnomad_oe_mis":0.0,"gnomad_oe_mis_lower":0.0,"gnomad_oe_mis_upper":0.0,"gnomad_pli":0.0,"gnomad_syn_z":0.0,"dbsnp_rs":null,"clinvar_rcv":null,"clinvar_significance":null,"clinvar_review_status":null,"precomputed_scores":{},"gnomad_exomes_frequency":0.0,"gnomad_exomes_heterozygous":0,"gnomad_exomes_homozygous":0,"gnomad_exomes_hemizygous":0,"gnomad_genomes_frequency":0.0,"gnomad_genomes_heterozygous":0,"gnomad_genomes_homozygous":0,"gnomad_genomes_hemizygous":0,"inhouse_carriers":0,"inhouse_heterozygous":0,"inhouse_homozygous":0,"inhouse_hemizygous":0,"helixmtdb_frequency":0.0,"helixmtdb_heterozygous":0,"helixmtdb_homozygous":0,"genotype":{}}
0ecd3149-395c-0a62-3bb1-279bfd98fcb8	GRCh37	MT	25	A	G	585	9150	9150	.	{"case_uuid":"00000000-0000-0000-0000-000000000000","hgnc_id":"","hgnc_symbol":"","is_disease_gene":false,"hgvs_t":"","hgvs_p":null,"effect":[],"gnomad_loeuf":0.0,"gnomad_mis_z":0.0,"gnomad_oe_lof":0.0,"gnomad_oe_lof_lower":0.0,"gnomad_oe_lof_upper":0.0,"gnomad_oe_mis":0.0,"gnomad_oe_mis_lower":0.0,"gnomad_oe_mis_upper":0.0,"gnomad_pli":0.0,"gnomad_syn_z":0.0,"dbsnp_rs":null,"clinvar_rcv":null,"clinvar_significance":null,"clinvar_review_status":null,"precomputed_scores":{},"gnomad_exomes_frequency":0.0,"gnomad_exomes_heterozygous":0,"gnomad_exomes_homozygous":0,"gnomad_exomes_hemizygous":0,"gnomad_genomes_frequency":0.0,"gnomad_genomes_heterozygous":0,"gnomad_genomes_homozygous":0,"gnomad_genomes_hemizygous":0,"inhouse_carriers":0,"inhouse_heterozygous":0,"inhouse_homozygous":0,"inhouse_hemizygous":0,"helixmtdb_frequency":0.0,"helixmtdb_heterozygous":0,"helixmtdb_homozygous":0,"genotype":{}}
09f0c5e2-0258-3faf-c423-376104ca8293	GRCh37	MT	25	G	A	585	9380	9380	.	{"case_uuid":"00000000-0000-0000-0000-000000000000","hgnc_id":"","hgnc_symbol":"","is_disease_gene":false,"hgvs_t":"","hgvs_p":null,"effect":[],"gnomad_loeuf":0.0,"gnomad_mis_z":0.0,"gnomad_oe_lof":0.0,"gnomad_oe_lof_lower":0.0,"gnomad_oe_lof_upper":0.0,"gnomad_oe_mis":0.0,"gnomad_oe_mis_lower":0.0,"gnomad_oe_mis_upper":0.0,"gnomad_pli":0.0,"gnomad_syn_z":0.0,"dbsnp_rs":null,"clinvar_rcv":null,"clinvar_significance":null,"clinvar_review_status":null,"precomputed_scores":{},"gnomad_exomes_frequency":0.0,"gnomad_exomes_heterozygous":0,"gnomad_exomes_homozygous":0,"gnomad_exomes_hemizygous":0,"gnomad_genomes_frequency":0.0,"gnomad_genomes_heterozygous":0,"gnomad_genomes_homozygous":0,"gnomad_genomes_hemizygous":0,"inhouse_carriers":0,"inhouse_heterozygous":0,"inhouse_homozygous":0,"inhouse_hemizygous":0,"helixmtdb_frequency":0.0,"helixmtdb_heterozygous":0,"helixmtdb_homozygous":0,"genotype":{}}
722efc9b-7cd0-5b14-6f8d-542f04ee4d64	GRCh37	MT	25	A	G	585	10097	10097	.	{"case_uuid":"00000000-0000-0000-0000-000000000000","hgnc_id":"","hgnc_symbol":"","is_disease_gene":false,"hgvs_t":"","hgvs_p":null,"effect":[],"gnomad_loeuf":0.0,"gnomad_mis_z":0.0,"gnomad_oe_lof":0.0,"gnomad_oe_lof_lower":0.0,"gnomad_oe_lof_upper":0.0,"gnomad_oe_mis":0.0,"gnomad_oe_mis_lower":0.0,"gnomad_oe_mis_upper":0.0,"gnomad_pli":0.0,"gnomad_syn_z":0.0,"dbsnp_rs":null,"clinvar_rcv":null,"clinvar_significance":null,"clinvar_review_status":null,"precomputed_scores":{},"gnomad_exomes_frequency":0.0,"gnomad_exomes_heterozygous":0,"gnomad_exomes_homozygous":0,"gnomad_exomes_hemizygous":0,"gnomad_genomes_frequency":0.0,"gnomad_genomes_heterozygous":0,"gnomad_genomes_homozygous":0,"gnomad_genomes_hemizygous":0,"inhouse_carriers":0,"inhouse_heterozygous":0,"inhouse_homozygous":0,"inhouse_hemizygous":0,"helixmtdb_frequency":0.0,"helixmtdb_heterozygous":0,"helixmtdb_homozygous":0,"genotype":{}}
d38690b7-5e08-9eb6-f615-25f634b4d4ee	GRCh37	MT	25	T	C	585	11204	11204	.	{"case_uuid":"00000000-0000-0000-0000-000000000000","hgnc_id":"","hgnc_symbol":"","is_disease_gene":false,"hgvs_t":"","hgvs_p":null,"effect":[],"gnomad_loeuf":0.0,"gnomad_mis_z":0.0,"gnomad_oe_lof":0.0,"gnomad_oe_lof_lower":0.0,"gnomad_oe_lof_upper":0.0,"gnomad_oe_mis":0.0,"gnomad_oe_mis_lower":0.0,"gnomad_oe_mis_upper":0.0,"gnomad_pli":0.0,"gnomad_syn_z":0.0,"dbsnp_rs":null,"clinvar_rcv":null,"clinvar_significance":null,"clinvar_review_status":null,"precomputed_scores":{},"gnomad_exomes_frequency":0.0,"gnomad_exomes_heterozygous":0,"gnomad_exomes_homozygous":0,"gnomad_exomes_hemizygous":0,"gnomad_genomes_frequency":0.0,"gnomad_genomes_heterozygous":0,"gnomad_genomes_homozygous":0,"gnomad_genomes_hemizygous":0,"inhouse_carriers":0,"inhouse_heterozygous":0,"inhouse_homozygous":0,"inhouse_hemizygous":0,"helixmtdb_frequency":0.0,"helixmtdb_heterozygous":0,"helixmtdb_homozygous":0,"genotype":{}}
f97ca841-63b8-7a16-0f28-d325e5b56fd8	GRCh37	MT	25	C	T	585	11674	11674	.	{"case_uuid":"00000000-0000-0000-0000-000000000000","hgnc_id":"","hgnc_symbol":"","is_disease_gene":false,"hgvs_t":"","hgvs_p":null,"effect":[],"gnomad_loeuf":0.0,"gnomad_mis_z":0.0,"gnomad_oe_lof":0.0,"gnomad_oe_lof_lower":0.0,"gnomad_oe_lof_upper":0.0,"gnomad_oe_mis":0.0,"gnomad_oe_mis_lower":0.0,"gnomad_oe_mis_upper":0.0,"gnomad_pli":0.0,"gnomad_syn_z":0.0,"dbsnp_rs":null,"clinvar_rcv":null,"clinvar_significance":null,"clinvar_review_status":null,"precomputed_scores":{},"gnomad_exomes_frequency":0.0,"gnomad_exomes_heterozygous":0,"gnomad_exomes_homozygous":0,"gnomad_exomes_hemizygous":0,"gnomad_genomes_frequency":0.0,"gnomad_genomes_heterozygous":0,"gnomad_genomes_homozygous":0,"gnomad_genomes_hemizygous":0,"inhouse_carriers":0,"inhouse_heterozygous":0,"inhouse_homozygous":0,"inhouse_hemizygous":0,"helixmtdb_frequency":0.0,"helixmtdb_heterozygous":0,"helixmtdb_homozygous":0,"genotype":{}}
22687039-8cea-a692-d38d-9ea9a2de5cc8	GRCh37	MT	25	G	A	585	11719	11719	.	{"case_uuid":"00000000-0000-0000-0000-000000000000","hgnc_id":"","hgnc_symbol":"","is_disease_gene":false,"hgvs_t":"","hgvs_p":null,"effect":[],"gnomad_loeuf":0.0,"gnomad_mis_z":0.0,"gnomad_oe_lof":0.0,"gnomad_oe_lof_lower":0.0,"gnomad_oe_lof_upper":0.0,"gnomad_oe_mis":0.0,"gnomad_oe_mis_lower":0.0,"gnomad_oe_mis_upper":0.0,"gnomad_pli":0.0,"gnomad_syn_z":0.0,"dbsnp_rs":null,"clinvar_rcv":null,"clinvar_significance":null,"clinvar_review_status":null,"precomputed_scores":{},"gnomad_exomes_frequency":0.0,"gnomad_exomes_heterozygous":0,"gnomad_exomes_homozygous":0,"gnomad_exomes_hemizygous":0,"gnomad_genomes_frequency":0.0,"gnomad_genomes_heterozygous":0,"gnomad_genomes_homozygous":0,"gnomad_genomes_hemizygous":0,"inhouse_carriers":0,"inhouse_heterozygous":0,"inhouse_homozygous":0,"inhouse_hemizygous":0,"helixmtdb_frequency":0.0,"helixmtdb_heterozygous":0,"helixmtdb_homozygous":0,"genotype":{}}
5eeb0cd1-830d-8ec3-6744-372c94e69152	GRCh37	MT	25	A	G	585	11947	11947	.	{"case_uuid":"00000000-0000-0000-0000-000000000000","hgnc_id":"","hgnc_symbol":"","is_disease_gene":false,"hgvs_t":"","hgvs_p":null,"effect":[],"gnomad_loeuf":0.0,"gnomad_mis_z":0.0,"gnomad_oe_lof":0.0,"gnomad_oe_lof_lower":0.0,"gnomad_oe_lof_upper":0.0,"gnomad_oe_mis":0.0,"gnomad_oe_mis_lower":0.0,"gnomad_oe_mis_upper":0.0,"gnomad_pli":0.0,"gnomad_syn_z":0.0,"dbsnp_rs":null,"clinvar_rcv":null,"clinvar_significance":null,"clinvar_review_status":null,"precomputed_scores":{},"gnomad_exomes_frequency":0.0,"gnomad_exomes_heterozygous":0,"gnomad_exomes_homozygous":0,"gnomad_exomes_hemizygous":0,"gnomad_genomes_frequency":0.0,"gnomad_genomes_heterozygous":0,"gnomad_genomes_homozygous":0,"gnomad_genomes_hemizygous":0,"inhouse_carriers":0,"inhouse_heterozygous":0,"inhouse_homozygous":0,"inhouse_hemizygous":0,"helixmtdb_frequency":0.0,"helixmtdb_heterozygous":0,"helixmtdb_homozygous":0,"genotype":{}}
720edd7c-6ace-b22a-0a90-1f3f94d1dfca	GRCh37	MT	25	T	C	585	12414	12414	.	{"case_uuid":"00000000-0000-0000-0000-000000000000","hgnc_id":"","hgnc_symbol":"","is_disease_gene":false,"hgvs_t":"","hgvs_p":null,"effect":[],"gnomad_loeuf":0.0,"gnomad_mis_z":0.0,"gnomad_oe_lof":0.0,"gnomad_oe_lof_lower":0.0,"gnomad_oe_lof_upper":0.0,"gnomad_oe_mis":0.0,"gnomad_oe_mis_lower":0.0,"gnomad_oe_mis_upper":0.0,"gnomad_pli":0.0,"gnomad_syn_z":0.0,"dbsnp_rs":null,"clinvar_rcv":null,"clinvar_significance":null,"clinvar_review_status":null,"precomputed_scores":{},"gnomad_exomes_frequency":0.0,"gnomad_exomes_heterozygous":0,"gnomad_exomes_homozygous":0,"gnomad_exomes_hemizygous":0,"gnomad_genomes_frequency":0.0,"gnomad_genomes_heterozygous":0,"gnomad_genomes_homozygous":0,"gnomad_genomes_hemizygous":0,"inhouse_carriers":0,"inhouse_heterozygous":0,"inhouse_homozygous":0,"inhouse_hemizygous":0,"helixmtdb_frequency":0.0,"helixmtdb_heterozygous":0,"helixmtdb_homozygous":0,"genotype":{}}
a117eee4-5fb5-13e0-a8bf-03d115fd4851	GRCh37	MT	25	A	G	585	12648	12648	.	{"case_uuid":"00000000-0000-0000-0000-000000000000","hgnc_id":"","hgnc_symbol":"","is_disease_gene":false,"hgvs_t":"","hgvs_p":null,"effect":[],"gnomad_loeuf":0.0,"gnomad_mis_z":0.0,"gnomad_oe_lof":0.0,"gnomad_oe_lof_lower":0.0,"gnomad_oe_lof_upper":0.0,"gnomad_oe_mis":0.0,"gnomad_oe_mis_lower":0.0,"gnomad_oe_mis_upper":0.0,"gnomad_pli":0.0,"gnomad_syn_z":0.0,"dbsnp_rs":null,"clinvar_rcv":null,"clinvar_significance":null,"clinvar_review_status":null,"precomputed_scores":{},"gnomad_exomes_frequency":0.0,"gnomad_exomes_heterozygous":0,"gnomad_exomes_homozygous":0,"gnomad_exomes_hemizygous":0,"gnomad_genomes_frequency":0.0,"gnomad_genomes_heterozygous":0,"gnomad_genomes_homozygous":0,"gnomad_genomes_hemizygous":0,"inhouse_carriers":0,"inhouse_heterozygous":0,"inhouse_homozygous":0,"inhouse_hemizygous":0,"helixmtdb_frequency":0.0,"helixmtdb_heterozygous":0,"helixmtdb_homozygous":0,"genotype":{}}
f426c9bc-5baf-cc24-1cd4-b4f0c48dd349	GRCh37	MT	25	C	T	585	12705	12705	.	{"case_uuid":"00000000-0000-0000-0000-000000000000","hgnc_id":"","hgnc_symbol":"","is_disease_gene":false,"hgvs_t":"","hgvs_p":null,"effect":[],"gnomad_loeuf":0.0,"gnomad_mis_z":0.0,"gnomad_oe_lof":0.0,"gnomad_oe_lof_lower":0.0,"gnomad_oe_lof_upper":0.0,"gnomad_oe_mis":0.0,"gnomad_oe_mis_lower":0.0,"gnomad_oe_mis_upper":0.0,"gnomad_pli":0.0,"gnomad_syn_z":0.0,"dbsnp_rs":null,"clinvar_rcv":null,"clinvar_significance":null,"clinvar_review_status":null,"precomputed_scores":{},"gnomad_exomes_frequency":0.0,"gnomad_exomes_heterozygous":0,"gnomad_exomes_homozygous":0,"gnomad_exomes_hemizygous":0,"gnomad_genomes_frequency":0.0,"gnomad_genomes_heterozygous":0,"gnomad_genomes_homozygous":0,"gnomad_genomes_hemizygous":0,"inhouse_carriers":0,"inhouse_heterozygous":0,"inhouse_homozygous":0,"inhouse_hemizygous":0,"helixmtdb_frequency":0.0,"helixmtdb_heterozygous":0,"helixmtdb_homozygous":0,"genotype":{}}
5c5bade4-3c09-99ec-3045-cfea5c41a4bd	GRCh37	MT	25	G	A	585	13406	13406	.	{"case_uuid":"00000000-0000-0000-0000-000000000000","hgnc_id":"","hgnc_symbol":"","is_disease_gene":false,"hgvs_t":"","hgvs_p":null,"effect":[],"gnomad_loeuf":0.0,"gnomad_mis_z":0.0,"gnomad_oe_lof":0.0,"gnomad_oe_lof_lower":0.0,"gnomad_oe_lof_upper":0.0,"gnomad_oe_mis":0.0,"gnomad_oe_mis_lower":0.0,"gnomad_oe_mis_upper":0.0,"gnomad_pli":0.0,"gnomad_syn_z":0.0,"dbsnp_rs":null,"clinvar_rcv":null,"clinvar_significance":null,"clinvar_review_status":null,"precomputed_scores":{},"gnomad_exomes_frequency":0.0,"gnomad_exomes_heterozygous":0,"gnomad_exomes_homozygous":0,"gnomad_exomes_hemizygous":0,"gnomad_genomes_frequency":0.0,"gnomad_genomes_heterozygous":0,"gnomad_genomes_homozygous":0,"gnomad_genomes_hemizygous":0,"inhouse_carriers":0,"inhouse_heterozygous":0,"inhouse_homozygous":0,"inhouse_hemizygous":0,"helixmtdb_frequency":0.0,"helixmtdb_heterozygous":0,"helixmtdb_homozygous":0,"genotype":{}}
fc0ad6a5-9b72-6d44-3f3f-eba9c6063b22	GRCh37	MT	25	A	G	585	13611	13611	.	{"case_uuid":"00000000-0000-0000-0000-000000000000","hgnc_id":"","hgnc_symbol":"","is_disease_gene":false,"hgvs_t":"","hgvs_p":null,"effect":[],"gnomad_loeuf":0.0,"gnomad_mis_z":0.0,"gnomad_oe_lof":0.0,"gnomad_oe_lof_lower":0.0,"gnomad_oe_lof_upper":0.0,"gnomad_oe_mis":0.0,"gnomad_oe_mis_lower":0.0,"gnomad_oe_mis_upper":0.0,"gnomad_pli":0.0,"gnomad_syn_z":0.0,"dbsnp_rs":null,"clinvar_rcv":null,"clinvar_significance":null,"clinvar_review_status":null,"precomputed_scores":{},"gnomad_exomes_frequency":0.0,"gnomad_exomes_heterozygous":0,"gnomad_exomes_homozygous":0,"gnomad_exomes_hemizygous":0,"gnomad_genomes_frequency":0.0,"gnomad_genomes_heterozygous":0,"gnomad_genomes_homozygous":0,"gnomad_genomes_hemizygous":0,"inhouse_carriers":0,"inhouse_heterozygous":0,"inhouse_homozygous":0,"inhouse_hemizygous":0,"helixmtdb_frequency":0.0,"helixmtdb_heterozygous":0,"helixmtdb_homozygous":0,"genotype":{}}
07946d87-b13b-ecd7-5bc0-cbaec6683927	GRCh37	MT	25	G	C	585	13928	13928	.	{"case_uuid":"00000000-0000-0000-0000-000000000000","hgnc_id":"","hgnc_symbol":"","is_disease_gene":false,"hgvs_t":"","hgvs_p":null,"effect":[],"gnomad_loeuf":0.0,"gnomad_mis_z":0.0,"gnomad_oe_lof":0.0,"gnomad_oe_lof_lower":0.0,"gnomad_oe_lof_upper":0.0,"gnomad_oe_mis":0.0,"gnomad_oe_mis_lower":0.0,"gnomad_oe_mis_upper":0.0,"gnomad_pli":0.0,"gnomad_syn_z":0.0,"dbsnp_rs":null,"clinvar_rcv":null,"clinvar_significance":null,"clinvar_review_status":null,"precomputed_scores":{},"gnomad_exomes_frequency":0.0,"gnomad_exomes_heterozygous":0,"gnomad_exomes_homozygous":0,"gnomad_exomes_hemizygous":0,"gnomad_genomes_frequency":0.0,"gnomad_genomes_heterozygous":0,"gnomad_genomes_homozygous":0,"gnomad_genomes_hemizygous":0,"inhouse_carriers":0,"inhouse_heterozygous":0,"inhouse_homozygous":0,"inhouse_hemizygous":0,"helixmtdb_frequency":0.0,"helixmtdb_heterozygous":0,"helixmtdb_homozygous":0,"genotype":{}}
955a08b1-21df-a068-e505-f72fd12bc865	GRCh37	MT	25	A	G	585	14148	14148	.	{"case_uuid":"00000000-0000-0000-0000-000000000000","hgnc_id":"","hgnc_symbol":"","is_disease_gene":false,"hgvs_t":"","hgvs_p":null,"effect":[],"gnomad_loeuf":0.0,"gnomad_mis_z":0.0,"gnomad_oe_lof":0.0,"gnomad_oe_lof_lower":0.0,"gnomad_oe_lof_upper":0.0,"gnomad_oe_mis":0.0,"gnomad_oe_mis_lower":0.0,"gnomad_oe_mis_upper":0.0,"gnomad_pli":0.0,"gnomad_syn_z":0.0,"dbsnp_rs":null,"clinvar_rcv":null,"clinvar_significance":null,"clinvar_review_status":null,"precomputed_scores":{},"gnomad_exomes_frequency":0.0,"gnomad_exomes_heterozygous":0,"gnomad_exomes_homozygous":0,"gnomad_exomes_hemizygous":0,"gnomad_genomes_frequency":0.0,"gnomad_genomes_heterozygous":0,"gnomad_genomes_homozygous":0,"gnomad_genomes_hemizygous":0,"inhouse_carriers":0,"inhouse_heterozygous":0,"inhouse_homozygous":0,"inhouse_hemizygous":0,"helixmtdb_frequency":0.0,"helixmtdb_heterozygous":0,"helixmtdb_homozygous":0,"genotype":{}}
0799c875-65b8-bb96-fb14-b76e309200e2	GRCh37	MT	25	C	T	585	14766	14766	.	{"case_uuid":"00000000-0000-0000-0000-000000000000","hgnc_id":"","hgnc_symbol":"","is_disease_gene":false,"hgvs_t":"","hgvs_p":null,"effect":[],"gnomad_loeuf":0.0,"gnomad_mis_z":0.0,"gnomad_oe_lof":0.0,"gnomad_oe_lof_lower":0.0,"gnomad_oe_lof_upper":0.0,"gnomad_oe_mis":0.0,"gnomad_oe_mis_lower":0.0,"gnomad_oe_mis_upper":0.0,"gnomad_pli":0.0,"gnomad_syn_z":0.0,"dbsnp_rs":null,"clinvar_rcv":null,"clinvar_significance":null,"clinvar_review_status":null,"precomputed_scores":{},"gnomad_exomes_frequency":0.0,"gnomad_exomes_heterozygous":0,"gnomad_exomes_homozygous":0,"gnomad_exomes_hemizygous":0,"gnomad_genomes_frequency":0.0,"gnomad_genomes_heterozygous":0,"gnomad_genomes_homozygous":0,"gnomad_genomes_hemizygous":0,"inhouse_carriers":0,"inhouse_heterozygous":0,"inhouse_homozygous":0,"inhouse_hemizygous":0,"helixmtdb_frequency":0.0,"helixmtdb_heterozygous":0,"helixmtdb_homozygous":0,"genotype":{}}
98270734-fa7f-4c24-04fa-7f924e14ee8d	GRCh37	MT	25	A	G	585	15326	15326	.	{"case_uuid":"00000000-0000-0000-0000-000000000000","hgnc_id":"","hgnc_symbol":"","is_disease_gene":false,"hgvs_t":"","hgvs_p":null,"effect":[],"gnomad_loeuf":0.0,"gnomad_mis_z":0.0,"gnomad_oe_lof":0.0,"gnomad_oe_lof_lower":0.0,"gnomad_oe_lof_upper":0.0,"gnomad_oe_mis":0.0,"gnomad_oe_mis_lower":0.0,"gnomad_oe_mis_upper":0.0,"gnomad_pli":0.0,"gnomad_syn_z":0.0,"dbsnp_rs":null,"clinvar_rcv":null,"clinvar_significance":null,"clinvar_review_status":null,"precomputed_scores":{},"gnomad_exomes_frequency":0.0,"gnomad_exomes_heterozygous":0,"gnomad_exomes_homozygous":0,"gnomad_exomes_hemizygous":0,"gnomad_genomes_frequency":0.0,"gnomad_genomes_heterozygous":0,"gnomad_genomes_homozygous":0,"gnomad_genomes_hemizygous":0,"inhouse_carriers":0,"inhouse_heterozygous":0,"inhouse_homozygous":0,"inhouse_hemizygous":0,"helixmtdb_frequency":0.0,"helixmtdb_heterozygous":0,"helixmtdb_homozygous":0,"genotype":{}}
02f0fa52-18be-3379-375e-5fc324e05bc6	GRCh37	MT	25	G	C	585	15884	15884	.	{"case_uuid":"00000000-0000-0000-0000-000000000000","hgnc_id":"","hgnc_symbol":"","is_disease_gene":false,"hgvs_t":"","hgvs_p":null,"effect":[],"gnomad_loeuf":0.0,"gnomad_mis_z":0.0,"gnomad_oe_lof":0.0,"gnomad_oe_lof_lower":0.0,"gnomad_oe_lof_upper":0.0,"gnomad_oe_mis":0.0,"gnomad_oe_mis_lower":0.0,"gnomad_oe_mis_upper":0.0,"gnomad_pli":0.0,"gnomad_syn_z":0.0,"dbsnp_rs":null,"clinvar_rcv":null,"clinvar_significance":null,"clinvar_review_status":null,"precomputed_scores":{},"gnomad_exomes_frequency":0.0,"gnomad_exomes_heterozygous":0,"gnomad_exomes_homozygous":0,"gnomad_exomes_hemizygous":0,"gnomad_genomes_frequency":0.0,"gnomad_genomes_heterozygous":0,"gnomad_genomes_homozygous":0,"gnomad_genomes_hemizygous":0,"inhouse_carriers":0,"inhouse_heterozygous":0,"inhouse_homozygous":0,"inhouse_hemizygous":0,"helixmtdb_frequency":0.0,"helixmtdb_heterozygous":0,"helixmtdb_homozygous":0,"genotype":{}}
bef71ebc-fa2d-758a-cd58-2732175691e4	GRCh37	MT	25	C	T	585	16184	16184	.	{"case_uuid":"00000000-0000-0000-0000-000000000000","hgnc_id":"","hgnc_symbol":"","is_disease_gene":false,"hgvs_t":"","hgvs_p":null,"effect":[],"gnomad_loeuf":0.0,"gnomad_mis_z":0.0,"gnomad_oe_lof":0.0,"gnomad_oe_lof_lower":0.0,"gnomad_oe_lof_upper":0.0,"gnomad_oe_mis":0.0,"gnomad_oe_mis_lower":0.0,"gnomad_oe_mis_upper":0.0,"gnomad_pli":0.0,"gnomad_syn_z":0.0,"dbsnp_rs":null,"clinvar_rcv":null,"clinvar_significance":null,"clinvar_review_status":null,"precomputed_scores":{},"gnomad_exomes_frequency":0.0,"gnomad_exomes_heterozygous":0,"gnomad_exomes_homozygous":0,"gnomad_exomes_hemizygous":0,"gnomad_genomes_frequency":0.0,"gnomad_genomes_heterozygous":0,"gnomad_genomes_homozygous":0,"gnomad_genomes_hemizygous":0,"inhouse_carriers":0,"inhouse_heterozygous":0,"inhouse_homozygous":0,"inhouse_hemizygous":0,"helixmtdb_frequency":0.0,"helixmtdb_heterozygous":0,"helixmtdb_homozygous":0,"genotype":{}}
36503905-a8d8-f91d-08aa-f2c2e57156d7	GRCh37	MT	25	C	T	585	16223	16223	.	{"case_uuid":"00000000-0000-0000-0000-000000000000","hgnc_id":"","hgnc_symbol":"","is_disease_gene":false,"hgvs_t":"","hgvs_p":null,"effect":[],"gnomad_loeuf":0.0,"gnomad_mis_z":0.0,"gnomad_oe_lof":0.0,"gnomad_oe_lof_lower":0.0,"gnomad_oe_lof_upper":0.0,"gnomad_oe_mis":0.0,"gnomad_oe_mis_lower":0.0,"gnomad_oe_mis_upper":0.0,"gnomad_pli":0.0,"gnomad_syn_z":0.0,"dbsnp_rs":null,"clinvar_rcv":null,"clinvar_significance":null,"clinvar_review_status":null,"precomputed_scores":{},"gnomad_exomes_frequency":0.0,"gnomad_exomes_heterozygous":0,"gnomad_exomes_homozygous":0,"gnomad_exomes_hemizygous":0,"gnomad_genomes_frequency":0.0,"gnomad_genomes_heterozygous":0,"gnomad_genomes_homozygous":0,"gnomad_genomes_hemizygous":0,"inhouse_carriers":0,"inhouse_heterozygous":0,"inhouse_homozygous":0,"inhouse_hemizygous":0,"helixmtdb_frequency":0.0,"helixmtdb_heterozygous":0,"helixmtdb_homozygous":0,"genotype":{}}
7310cb1a-1852-3f2c-3f10-65842fe6a0f5	GRCh37	MT	25	T	C	585	16263	16263	.	{"case_uuid":"00000000-0000-0000-0000-000000000000","hgnc_id":"","hgnc_symbol":"","is_disease_gene":false,"hgvs_t":"","hgvs_p":null,"effect":[],"gnomad_loeuf":0.0,"gnomad_mis_z":0.0,"gnomad_oe_lof":0.0,"gnomad_oe_lof_lower":0.0,"gnomad_oe_lof_upper":0.0,"gnomad_oe_mis":0.0,"gnomad_oe_mis_lower":0.0,"gnomad_oe_mis_upper":0.0,"gnomad_pli":0.0,"gnomad_syn_z":0.0,"dbsnp_rs":null,"clinvar_rcv":null,"clinvar_significance":null,"clinvar_review_status":null,"precomputed_scores":{},"gnomad_exomes_frequency":0.0,"gnomad_exomes_heterozygous":0,"gnomad_exomes_homozygous":0,"gnomad_exomes_hemizygous":0,"gnomad_genomes_frequency":0.0,"gnomad_genomes_heterozygous":0,"gnomad_genomes_homozygous":0,"gnomad_genomes_hemizygous":0,"inhouse_carriers":0,"inhouse_heterozygous":0,"inhouse_homozygous":0,"inhouse_hemizygous":0,"helixmtdb_frequency":0.0,"helixmtdb_heterozygous":0,"helixmtdb_homozygous":0,"genotype":{}}
7fd28de6-8de8-3cfd-7a78-a1961182c921	GRCh37	MT	25	C	T	585	16292	16292	.	{"case_uuid":"00000000-0000-0000-0000-000000000000","hgnc_id":"","hgnc_symbol":"","is_disease_gene":false,"hgvs_t":"","hgvs_p":null,"effect":[],"gnomad_loeuf":0.0,"gnomad_mis_z":0.0,"gnomad_oe_lof":0.0,"gnomad_oe_lof_lower":0.0,"gnomad_oe_lof_upper":0.0,"gnomad_oe_mis":0.0,"gnomad_oe_mis_lower":0.0,"gnomad_oe_mis_upper":0.0,"gnomad_pli":0.0,"gnomad_syn_z":0.0,"dbsnp_rs":null,"clinvar_rcv":null,"clinvar_significance":null,"clinvar_review_status":null,"precomputed_scores":{},"gnomad_exomes_frequency":0.0,"gnomad_exomes_heterozygous":0,"gnomad_exomes_homozygous":0,"gnomad_exomes_hemizygous":0,"gnomad_genomes_frequency":0.0,"gnomad_genomes_heterozygous":0,"gnomad_genomes_homozygous":0,"gnomad_genomes_hemizygous":0,"inhouse_carriers":0,"inhouse_heterozygous":0,"inhouse_homozygous":0,"inhouse_hemizygous":0,"helixmtdb_frequency":0.0,"helixmtdb_heterozygous":0,"helixmtdb_homozygous":0,"genotype":{}}
21eb7cf1-5b4e-28f9-9b37-00960938a6e3	GRCh37	MT	25	T	C	585	16519	16519	.	{"case_uuid":"00000000-0000-0000-0000-000000000000","hgnc_id":"","hgnc_symbol":"","is_disease_gene":false,"hgvs_t":"","hgvs_p":null,"effect":[],"gnomad_loeuf":0.0,"gnomad_mis_z":0.0,"gnomad_oe_lof":0.0,"gnomad_oe_lof_lower":0.0,"gnomad_oe_lof_upper":0.0,"gnomad_oe_mis":0.0,"gnomad_oe_mis_lower":0.0,"gnomad_oe_mis_upper":0.0,"gnomad_pli":0.0,"gnomad_syn_z":0.0,"dbsnp_rs":null,"clinvar_rcv":null,"clinvar_significance":null,"clinvar_review_status":null,"precomputed_scores":{},"gnomad_exomes_frequency":0.0,"gnomad_exomes_heterozygous":0,"gnomad_exomes_homozygous":0,"gnomad_exomes_hemizygous":0,"gnomad_genomes_frequency":0.0,"gnomad_genomes_heterozygous":0,"gnomad_genomes_homozygous":0,"gnomad_genomes_hemizygous":0,"inhouse_carriers":0,"inhouse_heterozygous":0,"inhouse_homozygous":0,"inhouse_hemizygous":0,"helixmtdb_frequency":0.0,"helixmtdb_heterozygous":0,"helixmtdb_homozygous":0,"genotype":{}}

