---
source: src/seqvars/query/schema.rs
expression: "&query"
---
consequences:
  - 3_prime_UTR_variant
  - 5_prime_UTR_variant
  - disruptive_inframe_deletion
  - disruptive_inframe_insertion
  - downstream_gene_variant
  - exon_loss_variant
  - feature_truncation
  - frameshift_variant
  - conservative_inframe_deletion
  - conservative_inframe_insertion
  - missense_variant
  - non_coding_transcript_exon_variant
  - non_coding_transcript_intron_variant
  - splice_acceptor_variant
  - splice_donor_variant
  - splice_region_variant
  - start_lost
  - stop_gained
  - stop_lost
  - stop_retained_variant
  - synonymous_variant
  - transcript_ablation
  - upstream_gene_variant
quality:
  sample:
    filter_active: drop-variant
    dp_het: 10
    dp_hom: 5
    gq: 10
    ab: 0.2
    ad: 3
    ad_max: ~
genotype:
  sample: het
transcripts_coding: true
transcripts_noncoding: true
max_exon_dist: 100
var_type_snv: true
var_type_indel: true
var_type_mnv: true
gene_allowlist: []
genomic_regions: ~
require_in_clinvar: false
clinvar_include_benign: false
clinvar_include_pathogenic: true
clinvar_include_likely_benign: false
clinvar_include_likely_pathogenic: true
clinvar_include_uncertain_significance: false
clinvar_include_conflicting_classifications: true
gnomad_exomes_enabled: true
gnomad_exomes_carriers: ~
gnomad_exomes_heterozygous: 20
gnomad_exomes_homozygous: 0
gnomad_exomes_hemizygous: ~
gnomad_exomes_frequency: 0.002
gnomad_genomes_enabled: true
gnomad_genomes_carriers: ~
gnomad_genomes_heterozygous: 4
gnomad_genomes_homozygous: 0
gnomad_genomes_hemizygous: ~
gnomad_genomes_frequency: 0.002
gnomat_mt_enabled: false
gnomat_mt_carriers: ~
gnomat_mt_heteroplasmic: ~
gnomat_mt_homoplasmic: ~
gnomat_mt_frequency: ~
helixmtdb_enabled: true
helixmtdb_frequency: 0.01
helixmtdb_heteroplasmic: ~
helixmtdb_homoplasmic: ~
inhouse_enabled: true
inhouse_carriers: 20
inhouse_heterozygous: ~
inhouse_homozygous: ~
inhouse_hemizygous: ~
