---
source: src/seqvars/query/mod.rs
expression: "std::fs::read_to_string(args.path_output.as_str())?"
---
sodar_uuid	release	chromosome	chromosome_no	reference	alternative	bin	start	end	smallvariantqueryresultset_id	payload
a2242722-6377-cc86-7d51-ad3f130af08a	GRCh37	17	17	CA	C	899	41256074	41256075	.	{"case_uuid":"00000000-0000-0000-0000-000000000000","gene_related":{"identity":{"hgnc_id":"HGNC:1100","hgnc_symbol":"BRCA1"},"consequences":{"hgvs_t":"c.441+64delT","hgvs_p":"p.?","consequences":["intron_variant"]},"phenotype":{"is_acmg_sf":true,"is_disease_gene":true},"constraints":{"gnomad_mis_z":2.3217,"gnomad_oe_lof":0.76716,"gnomad_oe_lof_lower":0.666,"gnomad_oe_lof_upper":0.885,"gnomad_oe_mis":0.86592,"gnomad_oe_mis_lower":0.833,"gnomad_oe_mis_upper":0.899,"gnomad_pli":1.4282e-34,"gnomad_syn_z":2.6589}},"variant_related":{"precomputed_scores":{"PHRED":4.373,"spliceai":0.0,"spliceai_argmax":"SpliceAI-acc-gain"},"db_ids":{"dbsnp_rs":"rs72434991"}},"call_related":{"call_info":{"CASE":{"dp":80,"ad":80,"gq":99,"gt":"1|1"}}}}
d13451de-7160-efa2-b230-76fd782de967	GRCh37	MT	25	A	G	585	750	750	.	{"case_uuid":"00000000-0000-0000-0000-000000000000","call_related":{"call_info":{"CASE":{"dp":35,"ad":35,"gq":99,"gt":"1/1"}}}}
