---
source: src/seqvars/query/schema.rs
expression: "&query"
---
consequences:
  - ChromosomeNumberVariation
  - ExonLossVariant
  - FrameshiftVariant
  - RareAminoAcidVariant
  - SpliceAcceptorVariant
  - SpliceDonorVariant
  - StartLost
  - StopGained
  - StopLost
  - TranscriptAblation
  - ThreePrimeUtrTruncation
  - FivePrimeUtrTruncaction
  - ConservativeInframeDeletion
  - ConservativeInframeInsertion
  - DisruptiveInframeDeletion
  - DisruptiveInframeInsertion
  - MissenseVariant
  - RegulatoryRegionAblation
  - SpliceRegionVariant
  - TbfsAblation
  - FivePrimeUtrPrematureStartCodonGainVariant
  - InitiatorCodonVariant
  - StartRetained
  - StopRetainedVariant
  - SynonymousVariant
  - ThreePrimeUtrVariant
  - FivePrimeUtrVariant
  - CodingSequenceVariant
  - ConservedIntergenicVariant
  - ConservedIntronVariant
  - DownstreamGeneVariant
  - ExonVariant
  - FeatureElongation
  - FeatureTruncation
  - GeneVariant
  - IntergenicVariant
  - IntronVariant
  - MatureMirnaVariant
  - Mirna
  - NmdTranscriptVariant
  - NonCodingTranscriptExonVariant
  - NonCodingTranscriptIntronVariant
  - RegulatoryRegionAmplification
  - RegulatoryRegionVariant
  - TfBindingSiteVariant
  - TfbsAmplification
  - TranscriptAmplification
  - TranscriptVariant
  - UpstreamGeneVariant
quality:
  sample:
    dp_het: 10
    dp_hom: 5
    gq: 10
    ab: 0.2
    ad: 3
    ad_max: ~
    fail: drop-variant
genotype:
  sample: het
selected_variants: ~
recessive_mode: ~
recessive_index: ~
transcripts_coding: true
transcripts_noncoding: true
var_type_snv: true
var_type_indel: true
var_type_mnv: true
max_exon_dist: 100
gene_allowlist: []
genomic_regions: ~
require_in_clinvar: false
clinvar_include_benign: false
clinvar_include_pathogenic: true
clinvar_include_likely_benign: false
clinvar_include_likely_pathogenic: true
clinvar_include_uncertain_significance: false
gnomad_exomes_enabled: true
gnomad_genomes_enabled: true
inhouse_enabled: true
helixmtdb_enabled: true
gnomad_exomes_frequency: 0.002
gnomad_exomes_heterozygous: 20
gnomad_exomes_homozygous: 0
gnomad_exomes_hemizygous: ~
gnomad_genomes_frequency: 0.002
gnomad_genomes_heterozygous: 4
gnomad_genomes_homozygous: 0
gnomad_genomes_hemizygous: ~
inhouse_carriers: 20
inhouse_heterozygous: ~
inhouse_homozygous: ~
inhouse_hemizygous: ~
helixmtdb_frequency: 0.01
helixmtdb_heteroplasmic: ~
helixmtdb_homoplasmic: ~

