---
source: src/seqvars/query/schema/query.rs
expression: "&query"
---
genotype:
  recessive_mode: Disabled
  sample_genotypes: {}
quality:
  sample_qualities: {}
frequency:
  gnomad_exomes:
    enabled: false
    max_het: ~
    max_hom: ~
    max_hemi: ~
    max_af: ~
  gnomad_genomes:
    enabled: false
    max_het: ~
    max_hom: ~
    max_hemi: ~
    max_af: ~
  gnomad_mtdna:
    enabled: false
    max_het: ~
    max_hom: ~
    max_af: ~
  helixmtdb:
    enabled: false
    max_het: ~
    max_hom: ~
    max_af: ~
  inhouse:
    enabled: false
    max_het: ~
    max_hom: ~
    max_hemi: ~
    max_carriers: ~
consequence:
  variant_types: []
  transcript_types: []
  consequences: []
  max_dist_to_exon: ~
locus:
  genes: []
  genome_regions: []
clinvar:
  presence_required: false
  germline_descriptions: []
  allow_conflicting_interpretations: false
