---
source: src/strucvars/txt_to_bin/clinvar/mod.rs
expression: records
---
- chromNo: 6
  start: 101528
  stop: 227833
  variationType: Dup
  rcv: 50292
- start: 147756734
  stop: 147776466
  variationType: Dup
  pathogenicity: Uncertain
  rcv: 50299
- chromNo: 6
  start: 70891025
  stop: 71072442
  variationType: Dup
  pathogenicity: Uncertain
  rcv: 50317
- chromNo: 6
  start: 10610069
  stop: 11290160
  variationType: Dup
  pathogenicity: Uncertain
  rcv: 50319
- chromNo: 20
  start: 7743711
  stop: 7865746
  variationType: Dup
  pathogenicity: Uncertain
  rcv: 50337
- chromNo: 1
  start: 241988449
  stop: 242065208
  variationType: Dup
  rcv: 50458
- chromNo: 5
  start: 259528
  stop: 307998
  variationType: Dup
  rcv: 50474
- chromNo: 5
  start: 259528
  stop: 293493
  variationType: Dup
  rcv: 50518
- chromNo: 2
  start: 2301168
  stop: 2754945
  variationType: Dup
  pathogenicity: Uncertain
  rcv: 50588
- chromNo: 10
  start: 196966
  stop: 244236
  variationType: Del
  pathogenicity: Uncertain
  rcv: 50265
- chromNo: 6
  start: 61006478
  stop: 62410831
  variationType: Del
  rcv: 50266
- chromNo: 1
  start: 241988449
  stop: 242126245
  variationType: Del
  rcv: 50281
- chromNo: 22
  start: 156001591
  stop: 156022206
  variationType: Del
  rcv: 50305
- chromNo: 22
  start: 156001591
  stop: 156022206
  variationType: Del
  rcv: 50306
- chromNo: 4
  start: 629340
  stop: 820360
  variationType: Del
  rcv: 50363
- chromNo: 11
  start: 60698177
  stop: 61527666
  variationType: Del
  pathogenicity: Uncertain
  rcv: 50369
- chromNo: 1
  start: 241988449
  stop: 242065208
  variationType: Del
  rcv: 50463
- chromNo: 5
  start: 259528
  stop: 307998
  variationType: Del
  rcv: 50482
- chromNo: 15
  start: 89751251
  stop: 89795352
  variationType: Del
  pathogenicity: Pathogenic
  rcv: 3614
- chromNo: 7
  start: 52623768
  stop: 52685459
  variationType: Del
  pathogenicity: Pathogenic
  rcv: 4182
- chromNo: 7
  start: 52624761
  stop: 52661660
  variationType: Del
  pathogenicity: Pathogenic
  rcv: 4183
- chromNo: 8
  start: 32973498
  stop: 33001604
  variationType: Del
  pathogenicity: Pathogenic
  rcv: 4682
- chromNo: 16
  start: 3640264
  stop: 3640265
  variationType: Microsatellite
  pathogenicity: Pathogenic
  rcv: 4692
- chromNo: 4
  start: 78140222
  stop: 78148391
  variationType: Del
  pathogenicity: Pathogenic
  rcv: 6747
- chromNo: 8
  start: 136676051
  stop: 136677087
  variationType: Del
  pathogenicity: Pathogenic
  rcv: 7011
- chromNo: 16
  start: 58692638
  stop: 58696865
  variationType: Dup
  pathogenicity: Uncertain
  rcv: 554988
- chromNo: 3
  start: 76195687
  stop: 76213563
  variationType: Dup
  pathogenicity: Uncertain
  rcv: 638336
- chromNo: 1
  start: 232329807
  stop: 232333993
  variationType: Dup
  pathogenicity: Uncertain
  rcv: 638545
- chromNo: 1
  start: 32133666
  stop: 32133667
  variationType: Dup
  pathogenicity: Pathogenic
  rcv: 6031
- chromNo: 11
  start: 114682974
  stop: 114682974
  variationType: Del
  pathogenicity: Pathogenic
  rcv: 8451
- chromNo: 11
  start: 114398667
  stop: 114398667
  variationType: Del
  pathogenicity: Pathogenic
  rcv: 8460
- start: 228157836
  stop: 228157836
  variationType: Del
  pathogenicity: LikelyPathogenic
  rcv: 256421
- chromNo: 13
  start: 21307830
  stop: 21307850
  variationType: Del
  pathogenicity: LikelyPathogenic
  rcv: 256440
- chromNo: 20
  start: 46125854
  stop: 46125855
  variationType: Dup
  pathogenicity: LikelyPathogenic
  rcv: 256480
- chromNo: 17
  start: 45899548
  stop: 45899548
  variationType: Del
  pathogenicity: LikelyPathogenic
  rcv: 416351
- chromNo: 1
  start: 178589595
  stop: 178589596
  variationType: Dup
  pathogenicity: Uncertain
  rcv: 256437
- chromNo: 16
  start: 12996564
  stop: 12996565
  variationType: Dup
  pathogenicity: Pathogenic
  rcv: 5360
- chromNo: 13
  start: 99175568
  stop: 99175569
  variationType: Dup
  pathogenicity: Uncertain
  rcv: 2265366
- chromNo: 14
  start: 38339805
  stop: 38339806
  variationType: Dup
  pathogenicity: Pathogenic
  rcv: 622432
- chromNo: 7
  start: 143818387
  stop: 143818387
  variationType: Del
  pathogenicity: Pathogenic
  rcv: 622481
- start: 1787341
  stop: 1787343
  variationType: Del
  pathogenicity: Pathogenic
  rcv: 623933
- chromNo: 7
  start: 86652314
  stop: 86662912
  variationType: Dup
  pathogenicity: Pathogenic
  rcv: 498744
- chromNo: 9
  start: 129162520
  stop: 129249183
  variationType: Bnd
  pathogenicity: Pathogenic
  rcv: 2468904
- chromNo: 6
  start: 102178523
  stop: 102225311
  variationType: Bnd
  pathogenicity: Pathogenic
  rcv: 2468904
