---
source: src/strucvars/txt_to_bin/vardbs/mod.rs
expression: records
---
- svType: SV_TYPE_INS
  start: 645710
  stop: 645710
  count: 35
- svType: SV_TYPE_DUP
  start: 668630
  stop: 850204
  count: 60
- svType: SV_TYPE_CNV
  start: 713044
  stop: 755966
  count: 205
- svType: SV_TYPE_DEL
  start: 738570
  stop: 742020
  count: 1
- svType: SV_TYPE_DEL
  start: 766600
  stop: 769112
  count: 181
- svType: SV_TYPE_CNV
  start: 773090
  stop: 852664
  count: 61
- svType: SV_TYPE_DEL
  start: 775292
  stop: 791968
  count: 15
- svType: SV_TYPE_DEL
  start: 794496
  stop: 799549
  count: 2
- svType: SV_TYPE_INS
  start: 812283
  stop: 812283
  count: 58
- svType: SV_TYPE_INS
  start: 813866
  stop: 813866
  count: 9
- svType: SV_TYPE_DEL
  start: 873391
  stop: 874042
  count: 7
- svType: SV_TYPE_DEL
  start: 939918
  stop: 939968
  count: 1
- svType: SV_TYPE_DEL
  start: 947113
  stop: 948003
  count: 4
- svType: SV_TYPE_DUP
  start: 963826
  stop: 974172
  count: 42
- svType: SV_TYPE_DEL
  start: 988572
  stop: 988623
  count: 235
- svType: SV_TYPE_DEL
  start: 1019492
  stop: 1019819
  count: 1
- svType: SV_TYPE_DEL
  start: 1058898
  stop: 1058978
  count: 299
- svType: SV_TYPE_DEL
  start: 1086817
  stop: 1087023
  count: 333
- svType: SV_TYPE_DEL
  start: 1142714
  stop: 1143140
  count: 919
- svType: SV_TYPE_DEL
  start: 1161693
  stop: 1161756
  count: 338
- svType: SV_TYPE_DUP
  start: 1171539
  stop: 1179729
  count: 65
- svType: SV_TYPE_DEL
  start: 1240709
  stop: 1240791
  count: 1
- svType: SV_TYPE_DUP
  start: 1249799
  stop: 1265722
  count: 2
- svType: SV_TYPE_DEL
  start: 1294138
  stop: 1294195
  count: 16
- svType: SV_TYPE_DUP
  start: 1304952
  stop: 1323528
  count: 1
- svType: SV_TYPE_DEL
  start: 1388953
  stop: 1410796
  count: 41
- svType: SV_TYPE_DEL
  start: 1392382
  stop: 1423433
  count: 40
- svType: SV_TYPE_CNV
  start: 1393861
  stop: 1427383
  count: 63
- svType: SV_TYPE_DEL
  start: 1400225
  stop: 1409107
  count: 34
- svType: SV_TYPE_DEL
  start: 1417868
  stop: 1417928
  count: 1
- svType: SV_TYPE_DEL
  start: 1424924
  stop: 1462190
  count: 1
- svType: SV_TYPE_DEL
  start: 1438168
  stop: 1449503
  count: 7
- svType: SV_TYPE_DEL
  start: 1441334
  stop: 1443842
  count: 7
- svType: SV_TYPE_DEL
  start: 1443538
  stop: 1445747
  count: 108
- svType: SV_TYPE_INS
  start: 1517860
  stop: 1517860
  count: 3
- svType: SV_TYPE_DEL
  start: 1519512
  stop: 1520127
  count: 13
- svType: SV_TYPE_DEL
  start: 1522876
  stop: 1524674
  count: 29
- svType: SV_TYPE_DEL
  start: 1582548
  stop: 1645946
  count: 2
- svType: SV_TYPE_CNV
  start: 1595368
  stop: 1612441
  count: 34
- svType: SV_TYPE_DEL
  start: 1601719
  stop: 1682577
  count: 3
- svType: SV_TYPE_CNV
  start: 1609210
  stop: 1615827
  count: 43
- svType: SV_TYPE_DEL
  start: 1626665
  stop: 1681048
  count: 118
- svType: SV_TYPE_CNV
  start: 1627805
  stop: 1673809
  count: 252
- svType: SV_TYPE_DEL
  start: 1649047
  stop: 1650523
  count: 67
- svType: SV_TYPE_DEL
  start: 1649620
  stop: 1650651
  count: 66
- svType: SV_TYPE_DEL
  start: 1772216
  stop: 1773658
  count: 1
- svType: SV_TYPE_DEL
  start: 1922946
  stop: 1924578
  count: 3
- svType: SV_TYPE_DEL
  start: 2024547
  stop: 2027383
  count: 20
- svType: SV_TYPE_CNV
  start: 2028833
  stop: 2052740
  count: 2
- svType: SV_TYPE_DEL
  start: 2162106
  stop: 2163200
  count: 1
- svType: SV_TYPE_DEL
  start: 2303828
  stop: 2320328
  count: 5
- svType: SV_TYPE_DEL
  start: 2372200
  stop: 2374164
  count: 1
- svType: SV_TYPE_DUP
  start: 2374226
  stop: 2379823
  count: 26
- svType: SV_TYPE_DUP
  start: 2397655
  stop: 2401469
  count: 96
- svType: SV_TYPE_DEL
  start: 2407712
  stop: 2407853
  count: 1
- svType: SV_TYPE_DEL
  start: 2524546
  stop: 2527727
  count: 1
- svType: SV_TYPE_DEL
  start: 2623324
  stop: 2623405
  count: 1
- svType: SV_TYPE_DEL
  start: 2630903
  stop: 2630960
  count: 1
- svType: SV_TYPE_DUP
  start: 2684305
  stop: 2719507
  count: 10
- svType: SV_TYPE_DEL
  start: 2693016
  stop: 2697186
  count: 1
- svType: SV_TYPE_DEL
  start: 2701516
  stop: 2701566
  count: 1
- svType: SV_TYPE_DEL
  start: 2704855
  stop: 2704917
  count: 11
- svType: SV_TYPE_DEL
  start: 2813287
  stop: 2813338
  count: 1
- svType: SV_TYPE_DEL
  start: 2813548
  stop: 2813618
  count: 22
- svType: SV_TYPE_DUP
  start: 2847963
  stop: 2898365
  count: 1
- svType: SV_TYPE_DEL
  start: 2848661
  stop: 2850131
  count: 1
- svType: SV_TYPE_DEL
  start: 2911536
  stop: 2911850
  count: 1175
- svType: SV_TYPE_DEL
  start: 2918659
  stop: 2919946
  count: 1
- svType: SV_TYPE_DUP
  start: 2920631
  stop: 3005757
  count: 1
- svType: SV_TYPE_DUP
  start: 2937832
  stop: 2979482
  count: 1
- svType: SV_TYPE_DUP
  start: 3009447
  stop: 3137148
  count: 1
- svType: SV_TYPE_INS
  start: 3011887
  stop: 3011887
  count: 63
- svType: SV_TYPE_DEL
  start: 3063073
  stop: 3063279
  count: 7
- svType: SV_TYPE_DEL
  start: 3098371
  stop: 3098489
  count: 596
- svType: SV_TYPE_DUP
  start: 3144724
  stop: 3209782
  count: 1
- svType: SV_TYPE_DEL
  start: 3186949
  stop: 3187104
  count: 1
- svType: SV_TYPE_DEL
  start: 3209922
  stop: 3212186
  count: 2
- svType: SV_TYPE_DEL
  start: 3481851
  stop: 3481916
  count: 17
- svType: SV_TYPE_DEL
  start: 3488273
  stop: 3488330
  count: 314
- svType: SV_TYPE_DEL
  start: 3508964
  stop: 3515259
  count: 1
- svType: SV_TYPE_DUP
  start: 3527608
  stop: 3553912
  count: 1
- svType: SV_TYPE_DUP
  start: 3527725
  stop: 3603484
  count: 1
- svType: SV_TYPE_DEL
  start: 3581723
  stop: 3582247
  count: 1
- svType: SV_TYPE_DEL
  start: 3670490
  stop: 3671676
  count: 8
- svType: SV_TYPE_DUP
  start: 3672777
  stop: 3685462
  count: 3
- svType: SV_TYPE_CNV
  start: 3698222
  stop: 3711516
  count: 4
- svType: SV_TYPE_INS
  start: 3703963
  stop: 3703963
  count: 1
- svType: SV_TYPE_DUP
  start: 3734485
  stop: 3844788
  count: 2
- svType: SV_TYPE_INS
  start: 3995268
  stop: 3995268
  count: 2459
- svType: SV_TYPE_DUP
  start: 3995323
  stop: 4001974
  count: 3
- svType: SV_TYPE_DUP
  start: 4000527
  stop: 4147217
  count: 2
- svType: SV_TYPE_DUP
  start: 4005849
  stop: 4114592
  count: 2
- svType: SV_TYPE_DEL
  start: 4075955
  stop: 4077963
  count: 1
- svType: SV_TYPE_DEL
  start: 4155146
  stop: 4155460
  count: 1479
- svType: SV_TYPE_DEL
  start: 4174656
  stop: 4174707
  count: 4
- svType: SV_TYPE_DEL
  start: 4194291
  stop: 4196163
  count: 1
- svType: SV_TYPE_DUP
  start: 4197459
  stop: 4220364
  count: 3
- svType: SV_TYPE_DEL
  start: 4204667
  stop: 4204717
  count: 2405
- svType: SV_TYPE_DEL
  start: 4232074
  stop: 4233113
  count: 2
