---
source: src/strucvars/txt_to_bin/vardbs/mod.rs
expression: records
---
- chrom_no: 0
  chrom_no2: 0
  sv_type: 0
  start: 1
  stop: 2300000
  count: 1
- chrom_no: 0
  chrom_no2: 0
  sv_type: 1
  start: 10001
  stop: 22118
  count: 10
- chrom_no: 0
  chrom_no2: 0
  sv_type: 5
  start: 10001
  stop: 127330
  count: 26
- chrom_no: 0
  chrom_no2: 0
  sv_type: 0
  start: 10191
  stop: 10281
  count: 1
- chrom_no: 0
  chrom_no2: 0
  sv_type: 1
  start: 10377
  stop: 177417
  count: 1
- chrom_no: 0
  chrom_no2: 0
  sv_type: 5
  start: 10377
  stop: 1018704
  count: 186
- chrom_no: 0
  chrom_no2: 0
  sv_type: 5
  start: 10499
  stop: 177368
  count: 38
- chrom_no: 0
  chrom_no2: 0
  sv_type: 1
  start: 10501
  stop: 78200
  count: 4
- chrom_no: 0
  chrom_no2: 0
  sv_type: 3
  start: 10726
  stop: 10726
  count: 1
- chrom_no: 0
  chrom_no2: 0
  sv_type: 1
  start: 11099
  stop: 47000
  count: 1
- chrom_no: 0
  chrom_no2: 0
  sv_type: 1
  start: 11100
  stop: 29200
  count: 2
- chrom_no: 0
  chrom_no2: 0
  sv_type: 1
  start: 11189
  stop: 36787
  count: 2
- chrom_no: 0
  chrom_no2: 0
  sv_type: 1
  start: 11599
  stop: 72400
  count: 1
- chrom_no: 0
  chrom_no2: 0
  sv_type: 1
  start: 12601
  stop: 27100
  count: 11
- chrom_no: 0
  chrom_no2: 0
  sv_type: 1
  start: 22118
  stop: 22723
  count: 10
- chrom_no: 0
  chrom_no2: 0
  sv_type: 1
  start: 22118
  stop: 35020
  count: 10
- chrom_no: 0
  chrom_no2: 0
  sv_type: 1
  start: 23661
  stop: 24819
  count: 10
- chrom_no: 0
  chrom_no2: 0
  sv_type: 1
  start: 27980
  stop: 177346
  count: 14
- chrom_no: 0
  chrom_no2: 0
  sv_type: 0
  start: 27981
  stop: 177346
  count: 4
- chrom_no: 0
  chrom_no2: 0
  sv_type: 1
  start: 28989
  stop: 35387
  count: 1
- chrom_no: 0
  chrom_no2: 0
  sv_type: 1
  start: 30626
  stop: 35020
  count: 10
- chrom_no: 0
  chrom_no2: 0
  sv_type: 1
  start: 32400
  stop: 35100
  count: 1
- chrom_no: 0
  chrom_no2: 0
  sv_type: 1
  start: 33700
  stop: 36300
  count: 1
- chrom_no: 0
  chrom_no2: 0
  sv_type: 1
  start: 35020
  stop: 41109
  count: 10
- chrom_no: 0
  chrom_no2: 0
  sv_type: 1
  start: 37489
  stop: 43587
  count: 1
- chrom_no: 0
  chrom_no2: 0
  sv_type: 1
  start: 38889
  stop: 40687
  count: 1
- chrom_no: 0
  chrom_no2: 0
  sv_type: 1
  start: 40901
  stop: 51900
  count: 1
- chrom_no: 0
  chrom_no2: 0
  sv_type: 1
  start: 44989
  stop: 51487
  count: 1
- chrom_no: 0
  chrom_no2: 0
  sv_type: 0
  start: 45531
  stop: 121042
  count: 3
- chrom_no: 0
  chrom_no2: 0
  sv_type: 1
  start: 45789
  stop: 46987
  count: 1
- chrom_no: 0
  chrom_no2: 0
  sv_type: 1
  start: 45889
  stop: 53987
  count: 1
- chrom_no: 0
  chrom_no2: 0
  sv_type: 1
  start: 46501
  stop: 71800
  count: 1
- chrom_no: 0
  chrom_no2: 0
  sv_type: 1
  start: 47689
  stop: 51487
  count: 1
- chrom_no: 0
  chrom_no2: 0
  sv_type: 5
  start: 49298
  stop: 82154
  count: 2
- chrom_no: 0
  chrom_no2: 0
  sv_type: 0
  start: 51800
  stop: 52300
  count: 1
- chrom_no: 0
  chrom_no2: 0
  sv_type: 1
  start: 52089
  stop: 54387
  count: 1
- chrom_no: 0
  chrom_no2: 0
  sv_type: 0
  start: 53700
  stop: 63800
  count: 1
- chrom_no: 0
  chrom_no2: 0
  sv_type: 0
  start: 53900
  stop: 54800
  count: 1
- chrom_no: 0
  chrom_no2: 0
  sv_type: 3
  start: 54665
  stop: 54666
  count: 1
- chrom_no: 0
  chrom_no2: 0
  sv_type: 0
  start: 55100
  stop: 56000
  count: 1
- chrom_no: 0
  chrom_no2: 0
  sv_type: 0
  start: 55394
  stop: 86303
  count: 1
- chrom_no: 0
  chrom_no2: 0
  sv_type: 0
  start: 56400
  stop: 57400
  count: 1
- chrom_no: 0
  chrom_no2: 0
  sv_type: 0
  start: 57600
  stop: 58500
  count: 1
- chrom_no: 0
  chrom_no2: 0
  sv_type: 3
  start: 59599
  stop: 59599
  count: 1
- chrom_no: 0
  chrom_no2: 0
  sv_type: 1
  start: 60901
  stop: 71500
  count: 3
- chrom_no: 0
  chrom_no2: 0
  sv_type: 0
  start: 61200
  stop: 64200
  count: 1
- chrom_no: 0
  chrom_no2: 0
  sv_type: 5
  start: 61723
  stop: 792480
  count: 47
- chrom_no: 0
  chrom_no2: 0
  sv_type: 0
  start: 61723
  stop: 824124
  count: 1
- chrom_no: 0
  chrom_no2: 0
  sv_type: 1
  start: 61723
  stop: 837073
  count: 59
- chrom_no: 0
  chrom_no2: 0
  sv_type: 0
  start: 62399
  stop: 62489
  count: 1
- chrom_no: 0
  chrom_no2: 0
  sv_type: 1
  start: 63489
  stop: 66287
  count: 2
- chrom_no: 0
  chrom_no2: 0
  sv_type: 0
  start: 65800
  stop: 66900
  count: 2
- chrom_no: 0
  chrom_no2: 0
  sv_type: 0
  start: 66008
  stop: 79078
  count: 8
- chrom_no: 0
  chrom_no2: 0
  sv_type: 0
  start: 66350
  stop: 66427
  count: 1
- chrom_no: 0
  chrom_no2: 0
  sv_type: 3
  start: 66531
  stop: 66532
  count: 1
- chrom_no: 0
  chrom_no2: 0
  sv_type: 3
  start: 66576
  stop: 66577
  count: 1
- chrom_no: 0
  chrom_no2: 0
  sv_type: 1
  start: 66789
  stop: 68887
  count: 3
- chrom_no: 0
  chrom_no2: 0
  sv_type: 1
  start: 68497
  stop: 70627
  count: 488
- chrom_no: 0
  chrom_no2: 0
  sv_type: 0
  start: 73202
  stop: 137452
  count: 1
- chrom_no: 0
  chrom_no2: 0
  sv_type: 0
  start: 74600
  stop: 75100
  count: 2
- chrom_no: 0
  chrom_no2: 0
  sv_type: 0
  start: 75800
  stop: 90300
  count: 2
- chrom_no: 0
  chrom_no2: 0
  sv_type: 1
  start: 77882
  stop: 88084
  count: 10
- chrom_no: 0
  chrom_no2: 0
  sv_type: 3
  start: 79210
  stop: 79211
  count: 1
- chrom_no: 0
  chrom_no2: 0
  sv_type: 1
  start: 83999
  stop: 86600
  count: 1
- chrom_no: 0
  chrom_no2: 0
  sv_type: 1
  start: 88084
  stop: 91317
  count: 10
- chrom_no: 0
  chrom_no2: 0
  sv_type: 3
  start: 90069
  stop: 90069
  count: 1
- chrom_no: 0
  chrom_no2: 0
  sv_type: 3
  start: 90179
  stop: 90179
  count: 1
- chrom_no: 0
  chrom_no2: 0
  sv_type: 3
  start: 90259
  stop: 90259
  count: 6
- chrom_no: 0
  chrom_no2: 0
  sv_type: 0
  start: 91000
  stop: 92100
  count: 1
- chrom_no: 0
  chrom_no2: 0
  sv_type: 1
  start: 91317
  stop: 93605
  count: 10
- chrom_no: 0
  chrom_no2: 0
  sv_type: 1
  start: 91317
  stop: 125400
  count: 10
- chrom_no: 0
  chrom_no2: 0
  sv_type: 1
  start: 91589
  stop: 98387
  count: 2
- chrom_no: 0
  chrom_no2: 0
  sv_type: 1
  start: 93001
  stop: 116200
  count: 1
- chrom_no: 0
  chrom_no2: 0
  sv_type: 1
  start: 93605
  stop: 95437
  count: 10
- chrom_no: 0
  chrom_no2: 0
  sv_type: 1
  start: 93889
  stop: 96487
  count: 1
- chrom_no: 0
  chrom_no2: 0
  sv_type: 3
  start: 95078
  stop: 95078
  count: 2
- chrom_no: 0
  chrom_no2: 0
  sv_type: 1
  start: 95437
  stop: 96652
  count: 10
- chrom_no: 0
  chrom_no2: 0
  sv_type: 1
  start: 96652
  stop: 98749
  count: 10
- chrom_no: 0
  chrom_no2: 0
  sv_type: 1
  start: 98749
  stop: 105358
  count: 10
- chrom_no: 0
  chrom_no2: 0
  sv_type: 1
  start: 99689
  stop: 100887
  count: 1
- chrom_no: 0
  chrom_no2: 0
  sv_type: 1
  start: 101801
  stop: 126400
  count: 13
- chrom_no: 0
  chrom_no2: 0
  sv_type: 1
  start: 103089
  stop: 105787
  count: 2
- chrom_no: 0
  chrom_no2: 0
  sv_type: 1
  start: 105358
  stop: 120257
  count: 10
- chrom_no: 0
  chrom_no2: 0
  sv_type: 1
  start: 106699
  stop: 119600
  count: 1
- chrom_no: 0
  chrom_no2: 0
  sv_type: 1
  start: 106789
  stop: 109187
  count: 2
- chrom_no: 0
  chrom_no2: 0
  sv_type: 1
  start: 106789
  stop: 111287
  count: 1
- chrom_no: 0
  chrom_no2: 0
  sv_type: 1
  start: 106800
  stop: 112800
  count: 1
- chrom_no: 0
  chrom_no2: 0
  sv_type: 1
  start: 109889
  stop: 111187
  count: 1
- chrom_no: 0
  chrom_no2: 0
  sv_type: 1
  start: 116700
  stop: 118900
  count: 1
- chrom_no: 0
  chrom_no2: 0
  sv_type: 1
  start: 120257
  stop: 124525
  count: 10
- chrom_no: 0
  chrom_no2: 0
  sv_type: 0
  start: 121042
  stop: 137674
  count: 2
- chrom_no: 0
  chrom_no2: 0
  sv_type: 1
  start: 121042
  stop: 170730
  count: 1
- chrom_no: 0
  chrom_no2: 0
  sv_type: 1
  start: 122200
  stop: 125000
  count: 1
- chrom_no: 0
  chrom_no2: 0
  sv_type: 1
  start: 125400
  stop: 129243
  count: 10
- chrom_no: 0
  chrom_no2: 0
  sv_type: 1
  start: 125400
  stop: 176984
  count: 10
- chrom_no: 0
  chrom_no2: 0
  sv_type: 1
  start: 126200
  stop: 128500
  count: 1
- chrom_no: 0
  chrom_no2: 0
  sv_type: 1
  start: 129243
  stop: 133502
  count: 10
- chrom_no: 0
  chrom_no2: 0
  sv_type: 1
  start: 130299
  stop: 144500
  count: 1
- chrom_no: 0
  chrom_no2: 0
  sv_type: 1
  start: 135100
  stop: 148500
  count: 1
