---
source: src/strucvars/query/schema.rs
expression: "serde_json::to_string_pretty(&info).unwrap()"
---
{
  "genotype": "0/1",
  "effective_genotype": null,
  "matched_gt_criteria": null,
  "quality": 10.0,
  "paired_end_cov": 10,
  "paired_end_var": 10,
  "split_read_cov": 10,
  "split_read_var": 10,
  "copy_number": 1,
  "average_normalized_cov": 0.491,
  "point_count": 5,
  "average_mapping_quality": 60.0
}
