---
source: src/sv/query/schema.rs
expression: "serde_json::to_string_pretty(&query).unwrap()"
---
{
  "database": "refseq",
  "svdb_dgv_enabled": false,
  "svdb_dgv_min_overlap": null,
  "svdb_dgv_max_count": null,
  "svdb_dgv_gs_enabled": false,
  "svdb_dgv_gs_min_overlap": null,
  "svdb_dgv_gs_max_count": null,
  "svdb_gnomad_enabled": false,
  "svdb_gnomad_min_overlap": null,
  "svdb_gnomad_max_count": null,
  "svdb_exac_enabled": false,
  "svdb_exac_min_overlap": null,
  "svdb_exac_max_count": null,
  "svdb_dbvar_enabled": false,
  "svdb_dbvar_min_overlap": null,
  "svdb_dbvar_max_count": null,
  "svdb_g1k_enabled": false,
  "svdb_g1k_min_overlap": null,
  "svdb_g1k_max_count": null,
  "svdb_inhouse_enabled": false,
  "svdb_inhouse_min_overlap": null,
  "svdb_inhouse_max_count": null,
  "clinvar_sv_min_overlap": null,
  "clinvar_sv_min_pathogenicity": null,
  "sv_size_min": null,
  "sv_size_max": null,
  "sv_types": [
    "DEL",
    "DUP",
    "INV",
    "INS",
    "BND",
    "CNV"
  ],
  "sv_sub_types": [
    "DEL",
    "DEL:ME",
    "DEL:ME:SVA",
    "DEL:ME:L1",
    "DEL:ME:ALU",
    "DUP",
    "DUP:TANDEM",
    "INV",
    "INS",
    "INS:ME",
    "INS:ME:SVA",
    "INS:ME:L1",
    "INS:ME:ALU",
    "BND",
    "CNV"
  ],
  "tx_effects": [
    "transcript_variant",
    "exon_variant",
    "splice_region_variant",
    "intron_variant",
    "upstream_variant",
    "downstream_variant",
    "intergenic_variant"
  ],
  "gene_allowlist": null,
  "genomic_region": null,
  "regulatory_overlap": 100,
  "regulatory_ensembl_features": null,
  "regulatory_vista_validation": null,
  "regulatory_custom_configs": [],
  "tad_set": null,
  "genotype": {},
  "genotype_criteria": [],
  "recessive_mode": null,
  "recessive_index": null
}
