---
source: src/strucvars/query/schema.rs
expression: "serde_json::to_string_pretty(&crit).unwrap()"
---
{
  "genotype": "het",
  "select_sv_sub_type": [],
  "select_sv_min_size": null,
  "select_sv_max_size": null,
  "max_brk_segdup": null,
  "max_brk_repeat": null,
  "max_brk_segduprepeat": null,
  "gt_one_of": null,
  "min_gq": null,
  "min_pr_cov": null,
  "max_pr_cov": null,
  "min_pr_ref": null,
  "max_pr_ref": null,
  "min_pr_var": null,
  "max_pr_var": null,
  "min_pr_ab": null,
  "max_pr_ab": null,
  "min_sr_cov": null,
  "max_sr_cov": null,
  "min_sr_ref": null,
  "max_sr_ref": null,
  "min_sr_var": null,
  "max_sr_var": null,
  "min_sr_ab": null,
  "max_sr_ab": null,
  "min_srpr_cov": null,
  "max_srpr_cov": null,
  "min_srpr_ref": null,
  "max_srpr_ref": null,
  "min_srpr_var": null,
  "max_srpr_var": null,
  "min_srpr_ab": null,
  "max_srpr_ab": null,
  "min_rd_dev": null,
  "max_rd_dev": null,
  "min_amq": null,
  "max_amq": null,
  "missing_gt_ok": true,
  "missing_gq_ok": true,
  "missing_pr_ok": true,
  "missing_sr_ok": true,
  "missing_srpr_ok": true,
  "missing_rd_dev_ok": true,
  "missing_amq_ok": true,
  "comment": null
}
